Archive member included to satisfy reference by file (symbol)

/home/sunbeam/ARM/Toolchain/gcc-arm-none-eabi-5_4-2016q2/arm-none-eabi/lib/armv7-m/libc.a(lib_a-exit.o)
                              /home/sunbeam/ARM/Toolchain/gcc-arm-none-eabi-5_4-2016q2/bin/../lib/gcc/arm-none-eabi/5.4.1/../../../../arm-none-eabi/lib/armv7-m/crt0.o (exit)
/home/sunbeam/ARM/Toolchain/gcc-arm-none-eabi-5_4-2016q2/arm-none-eabi/lib/armv7-m/libc.a(lib_a-impure.o)
                              /home/sunbeam/ARM/Toolchain/gcc-arm-none-eabi-5_4-2016q2/arm-none-eabi/lib/armv7-m/libc.a(lib_a-exit.o) (_global_impure_ptr)
/home/sunbeam/ARM/Toolchain/gcc-arm-none-eabi-5_4-2016q2/arm-none-eabi/lib/armv7-m/libc.a(lib_a-init.o)
                              /home/sunbeam/ARM/Toolchain/gcc-arm-none-eabi-5_4-2016q2/bin/../lib/gcc/arm-none-eabi/5.4.1/../../../../arm-none-eabi/lib/armv7-m/crt0.o (__libc_init_array)
/home/sunbeam/ARM/Toolchain/gcc-arm-none-eabi-5_4-2016q2/arm-none-eabi/lib/armv7-m/libc.a(lib_a-memset.o)
                              /home/sunbeam/ARM/Toolchain/gcc-arm-none-eabi-5_4-2016q2/bin/../lib/gcc/arm-none-eabi/5.4.1/../../../../arm-none-eabi/lib/armv7-m/crt0.o (memset)
/home/sunbeam/ARM/Toolchain/gcc-arm-none-eabi-5_4-2016q2/arm-none-eabi/lib/armv7-m/libc.a(lib_a-__call_atexit.o)
                              /home/sunbeam/ARM/Toolchain/gcc-arm-none-eabi-5_4-2016q2/arm-none-eabi/lib/armv7-m/libc.a(lib_a-exit.o) (__call_exitprocs)
/home/sunbeam/ARM/Toolchain/gcc-arm-none-eabi-5_4-2016q2/arm-none-eabi/lib/armv7-m/libc.a(lib_a-atexit.o)
                              /home/sunbeam/ARM/Toolchain/gcc-arm-none-eabi-5_4-2016q2/arm-none-eabi/lib/armv7-m/libc.a(lib_a-__call_atexit.o) (atexit)
/home/sunbeam/ARM/Toolchain/gcc-arm-none-eabi-5_4-2016q2/arm-none-eabi/lib/armv7-m/libc.a(lib_a-fini.o)
                              /home/sunbeam/ARM/Toolchain/gcc-arm-none-eabi-5_4-2016q2/arm-none-eabi/lib/armv7-m/libc.a(lib_a-__call_atexit.o) (__libc_fini_array)
/home/sunbeam/ARM/Toolchain/gcc-arm-none-eabi-5_4-2016q2/arm-none-eabi/lib/armv7-m/libc.a(lib_a-__atexit.o)
                              /home/sunbeam/ARM/Toolchain/gcc-arm-none-eabi-5_4-2016q2/arm-none-eabi/lib/armv7-m/libc.a(lib_a-atexit.o) (__register_exitproc)
/home/sunbeam/ARM/Toolchain/gcc-arm-none-eabi-5_4-2016q2/bin/../lib/gcc/arm-none-eabi/5.4.1/armv7-m/libgcc.a(_aeabi_uldivmod.o)
                              system_LPC17xx.o (__aeabi_uldivmod)
/home/sunbeam/ARM/Toolchain/gcc-arm-none-eabi-5_4-2016q2/bin/../lib/gcc/arm-none-eabi/5.4.1/armv7-m/libgcc.a(_udivmoddi4.o)
                              /home/sunbeam/ARM/Toolchain/gcc-arm-none-eabi-5_4-2016q2/bin/../lib/gcc/arm-none-eabi/5.4.1/armv7-m/libgcc.a(_aeabi_uldivmod.o) (__udivmoddi4)
/home/sunbeam/ARM/Toolchain/gcc-arm-none-eabi-5_4-2016q2/bin/../lib/gcc/arm-none-eabi/5.4.1/armv7-m/libgcc.a(_dvmd_tls.o)
                              /home/sunbeam/ARM/Toolchain/gcc-arm-none-eabi-5_4-2016q2/bin/../lib/gcc/arm-none-eabi/5.4.1/armv7-m/libgcc.a(_aeabi_uldivmod.o) (__aeabi_ldiv0)

Discarded input sections

 .text          0x00000000        0x0 /home/sunbeam/ARM/Toolchain/gcc-arm-none-eabi-5_4-2016q2/bin/../lib/gcc/arm-none-eabi/5.4.1/armv7-m/crti.o
 .data          0x00000000        0x0 /home/sunbeam/ARM/Toolchain/gcc-arm-none-eabi-5_4-2016q2/bin/../lib/gcc/arm-none-eabi/5.4.1/armv7-m/crti.o
 .bss           0x00000000        0x0 /home/sunbeam/ARM/Toolchain/gcc-arm-none-eabi-5_4-2016q2/bin/../lib/gcc/arm-none-eabi/5.4.1/armv7-m/crti.o
 .data          0x00000000        0x4 /home/sunbeam/ARM/Toolchain/gcc-arm-none-eabi-5_4-2016q2/bin/../lib/gcc/arm-none-eabi/5.4.1/armv7-m/crtbegin.o
 .text          0x00000000       0x74 /home/sunbeam/ARM/Toolchain/gcc-arm-none-eabi-5_4-2016q2/bin/../lib/gcc/arm-none-eabi/5.4.1/../../../../arm-none-eabi/lib/armv7-m/crt0.o
 .data          0x00000000        0x0 /home/sunbeam/ARM/Toolchain/gcc-arm-none-eabi-5_4-2016q2/bin/../lib/gcc/arm-none-eabi/5.4.1/../../../../arm-none-eabi/lib/armv7-m/crt0.o
 .bss           0x00000000        0x0 /home/sunbeam/ARM/Toolchain/gcc-arm-none-eabi-5_4-2016q2/bin/../lib/gcc/arm-none-eabi/5.4.1/../../../../arm-none-eabi/lib/armv7-m/crt0.o
 .ARM.extab     0x00000000        0x0 /home/sunbeam/ARM/Toolchain/gcc-arm-none-eabi-5_4-2016q2/bin/../lib/gcc/arm-none-eabi/5.4.1/../../../../arm-none-eabi/lib/armv7-m/crt0.o
 .ARM.exidx     0x00000000        0x8 /home/sunbeam/ARM/Toolchain/gcc-arm-none-eabi-5_4-2016q2/bin/../lib/gcc/arm-none-eabi/5.4.1/../../../../arm-none-eabi/lib/armv7-m/crt0.o
 .ARM.attributes
                0x00000000       0x1b /home/sunbeam/ARM/Toolchain/gcc-arm-none-eabi-5_4-2016q2/bin/../lib/gcc/arm-none-eabi/5.4.1/../../../../arm-none-eabi/lib/armv7-m/crt0.o
 .text          0x00000000        0x0 main.o
 .data          0x00000000        0x0 main.o
 .bss           0x00000000        0x0 main.o
 .text          0x00000000        0x0 startup_LPC17xx.o
 .data          0x00000000        0x0 startup_LPC17xx.o
 .bss           0x00000000        0x0 startup_LPC17xx.o
 .text          0x00000000        0x0 system_LPC17xx.o
 .data          0x00000000        0x0 system_LPC17xx.o
 .bss           0x00000000        0x0 system_LPC17xx.o
 .data.SystemCoreClock
                0x00000000        0x4 system_LPC17xx.o
 .text.SystemCoreClockUpdate
                0x00000000      0x284 system_LPC17xx.o
 .text._exit    0x00000000        0xc system_LPC17xx.o
 .text          0x00000000        0x0 time.o
 .data          0x00000000        0x0 time.o
 .bss           0x00000000        0x0 time.o
 .text          0x00000000        0x0 led.o
 .data          0x00000000        0x0 led.o
 .bss           0x00000000        0x0 led.o
 .text.blink    0x00000000       0x18 led.o
 .text          0x00000000        0x0 lcd.o
 .data          0x00000000        0x0 lcd.o
 .bss           0x00000000        0x0 lcd.o
 .text          0x00000000        0x0 int.o
 .data          0x00000000        0x0 int.o
 .bss           0x00000000        0x0 int.o
 .text          0x00000000        0x0 /home/sunbeam/ARM/Toolchain/gcc-arm-none-eabi-5_4-2016q2/arm-none-eabi/lib/armv7-m/libc.a(lib_a-exit.o)
 .data          0x00000000        0x0 /home/sunbeam/ARM/Toolchain/gcc-arm-none-eabi-5_4-2016q2/arm-none-eabi/lib/armv7-m/libc.a(lib_a-exit.o)
 .bss           0x00000000        0x0 /home/sunbeam/ARM/Toolchain/gcc-arm-none-eabi-5_4-2016q2/arm-none-eabi/lib/armv7-m/libc.a(lib_a-exit.o)
 .text.exit     0x00000000       0x20 /home/sunbeam/ARM/Toolchain/gcc-arm-none-eabi-5_4-2016q2/arm-none-eabi/lib/armv7-m/libc.a(lib_a-exit.o)
 .debug_frame   0x00000000       0x28 /home/sunbeam/ARM/Toolchain/gcc-arm-none-eabi-5_4-2016q2/arm-none-eabi/lib/armv7-m/libc.a(lib_a-exit.o)
 .ARM.attributes
                0x00000000       0x2d /home/sunbeam/ARM/Toolchain/gcc-arm-none-eabi-5_4-2016q2/arm-none-eabi/lib/armv7-m/libc.a(lib_a-exit.o)
 .text          0x00000000        0x0 /home/sunbeam/ARM/Toolchain/gcc-arm-none-eabi-5_4-2016q2/arm-none-eabi/lib/armv7-m/libc.a(lib_a-impure.o)
 .data          0x00000000        0x0 /home/sunbeam/ARM/Toolchain/gcc-arm-none-eabi-5_4-2016q2/arm-none-eabi/lib/armv7-m/libc.a(lib_a-impure.o)
 .bss           0x00000000        0x0 /home/sunbeam/ARM/Toolchain/gcc-arm-none-eabi-5_4-2016q2/arm-none-eabi/lib/armv7-m/libc.a(lib_a-impure.o)
 .data._impure_ptr
                0x00000000        0x4 /home/sunbeam/ARM/Toolchain/gcc-arm-none-eabi-5_4-2016q2/arm-none-eabi/lib/armv7-m/libc.a(lib_a-impure.o)
 .text          0x00000000        0x0 /home/sunbeam/ARM/Toolchain/gcc-arm-none-eabi-5_4-2016q2/arm-none-eabi/lib/armv7-m/libc.a(lib_a-init.o)
 .data          0x00000000        0x0 /home/sunbeam/ARM/Toolchain/gcc-arm-none-eabi-5_4-2016q2/arm-none-eabi/lib/armv7-m/libc.a(lib_a-init.o)
 .bss           0x00000000        0x0 /home/sunbeam/ARM/Toolchain/gcc-arm-none-eabi-5_4-2016q2/arm-none-eabi/lib/armv7-m/libc.a(lib_a-init.o)
 .text.__libc_init_array
                0x00000000       0x50 /home/sunbeam/ARM/Toolchain/gcc-arm-none-eabi-5_4-2016q2/arm-none-eabi/lib/armv7-m/libc.a(lib_a-init.o)
 .debug_frame   0x00000000       0x2c /home/sunbeam/ARM/Toolchain/gcc-arm-none-eabi-5_4-2016q2/arm-none-eabi/lib/armv7-m/libc.a(lib_a-init.o)
 .ARM.attributes
                0x00000000       0x2d /home/sunbeam/ARM/Toolchain/gcc-arm-none-eabi-5_4-2016q2/arm-none-eabi/lib/armv7-m/libc.a(lib_a-init.o)
 .text          0x00000000        0x0 /home/sunbeam/ARM/Toolchain/gcc-arm-none-eabi-5_4-2016q2/arm-none-eabi/lib/armv7-m/libc.a(lib_a-memset.o)
 .data          0x00000000        0x0 /home/sunbeam/ARM/Toolchain/gcc-arm-none-eabi-5_4-2016q2/arm-none-eabi/lib/armv7-m/libc.a(lib_a-memset.o)
 .bss           0x00000000        0x0 /home/sunbeam/ARM/Toolchain/gcc-arm-none-eabi-5_4-2016q2/arm-none-eabi/lib/armv7-m/libc.a(lib_a-memset.o)
 .text.memset   0x00000000       0x9c /home/sunbeam/ARM/Toolchain/gcc-arm-none-eabi-5_4-2016q2/arm-none-eabi/lib/armv7-m/libc.a(lib_a-memset.o)
 .debug_frame   0x00000000       0x34 /home/sunbeam/ARM/Toolchain/gcc-arm-none-eabi-5_4-2016q2/arm-none-eabi/lib/armv7-m/libc.a(lib_a-memset.o)
 .ARM.attributes
                0x00000000       0x2d /home/sunbeam/ARM/Toolchain/gcc-arm-none-eabi-5_4-2016q2/arm-none-eabi/lib/armv7-m/libc.a(lib_a-memset.o)
 .text          0x00000000        0x0 /home/sunbeam/ARM/Toolchain/gcc-arm-none-eabi-5_4-2016q2/arm-none-eabi/lib/armv7-m/libc.a(lib_a-__call_atexit.o)
 .data          0x00000000        0x0 /home/sunbeam/ARM/Toolchain/gcc-arm-none-eabi-5_4-2016q2/arm-none-eabi/lib/armv7-m/libc.a(lib_a-__call_atexit.o)
 .bss           0x00000000        0x0 /home/sunbeam/ARM/Toolchain/gcc-arm-none-eabi-5_4-2016q2/arm-none-eabi/lib/armv7-m/libc.a(lib_a-__call_atexit.o)
 .text.__call_exitprocs
                0x00000000       0xd8 /home/sunbeam/ARM/Toolchain/gcc-arm-none-eabi-5_4-2016q2/arm-none-eabi/lib/armv7-m/libc.a(lib_a-__call_atexit.o)
 .text          0x00000000        0x0 /home/sunbeam/ARM/Toolchain/gcc-arm-none-eabi-5_4-2016q2/arm-none-eabi/lib/armv7-m/libc.a(lib_a-atexit.o)
 .data          0x00000000        0x0 /home/sunbeam/ARM/Toolchain/gcc-arm-none-eabi-5_4-2016q2/arm-none-eabi/lib/armv7-m/libc.a(lib_a-atexit.o)
 .bss           0x00000000        0x0 /home/sunbeam/ARM/Toolchain/gcc-arm-none-eabi-5_4-2016q2/arm-none-eabi/lib/armv7-m/libc.a(lib_a-atexit.o)
 .text          0x00000000        0x0 /home/sunbeam/ARM/Toolchain/gcc-arm-none-eabi-5_4-2016q2/arm-none-eabi/lib/armv7-m/libc.a(lib_a-fini.o)
 .data          0x00000000        0x0 /home/sunbeam/ARM/Toolchain/gcc-arm-none-eabi-5_4-2016q2/arm-none-eabi/lib/armv7-m/libc.a(lib_a-fini.o)
 .bss           0x00000000        0x0 /home/sunbeam/ARM/Toolchain/gcc-arm-none-eabi-5_4-2016q2/arm-none-eabi/lib/armv7-m/libc.a(lib_a-fini.o)
 .text          0x00000000        0x0 /home/sunbeam/ARM/Toolchain/gcc-arm-none-eabi-5_4-2016q2/arm-none-eabi/lib/armv7-m/libc.a(lib_a-__atexit.o)
 .data          0x00000000        0x0 /home/sunbeam/ARM/Toolchain/gcc-arm-none-eabi-5_4-2016q2/arm-none-eabi/lib/armv7-m/libc.a(lib_a-__atexit.o)
 .bss           0x00000000        0x0 /home/sunbeam/ARM/Toolchain/gcc-arm-none-eabi-5_4-2016q2/arm-none-eabi/lib/armv7-m/libc.a(lib_a-__atexit.o)
 .text          0x00000000       0x30 /home/sunbeam/ARM/Toolchain/gcc-arm-none-eabi-5_4-2016q2/bin/../lib/gcc/arm-none-eabi/5.4.1/armv7-m/libgcc.a(_aeabi_uldivmod.o)
 .data          0x00000000        0x0 /home/sunbeam/ARM/Toolchain/gcc-arm-none-eabi-5_4-2016q2/bin/../lib/gcc/arm-none-eabi/5.4.1/armv7-m/libgcc.a(_aeabi_uldivmod.o)
 .bss           0x00000000        0x0 /home/sunbeam/ARM/Toolchain/gcc-arm-none-eabi-5_4-2016q2/bin/../lib/gcc/arm-none-eabi/5.4.1/armv7-m/libgcc.a(_aeabi_uldivmod.o)
 .debug_frame   0x00000000       0x2c /home/sunbeam/ARM/Toolchain/gcc-arm-none-eabi-5_4-2016q2/bin/../lib/gcc/arm-none-eabi/5.4.1/armv7-m/libgcc.a(_aeabi_uldivmod.o)
 .ARM.attributes
                0x00000000       0x1d /home/sunbeam/ARM/Toolchain/gcc-arm-none-eabi-5_4-2016q2/bin/../lib/gcc/arm-none-eabi/5.4.1/armv7-m/libgcc.a(_aeabi_uldivmod.o)
 .text          0x00000000      0x2ec /home/sunbeam/ARM/Toolchain/gcc-arm-none-eabi-5_4-2016q2/bin/../lib/gcc/arm-none-eabi/5.4.1/armv7-m/libgcc.a(_udivmoddi4.o)
 .data          0x00000000        0x0 /home/sunbeam/ARM/Toolchain/gcc-arm-none-eabi-5_4-2016q2/bin/../lib/gcc/arm-none-eabi/5.4.1/armv7-m/libgcc.a(_udivmoddi4.o)
 .bss           0x00000000        0x0 /home/sunbeam/ARM/Toolchain/gcc-arm-none-eabi-5_4-2016q2/bin/../lib/gcc/arm-none-eabi/5.4.1/armv7-m/libgcc.a(_udivmoddi4.o)
 .ARM.extab     0x00000000        0x0 /home/sunbeam/ARM/Toolchain/gcc-arm-none-eabi-5_4-2016q2/bin/../lib/gcc/arm-none-eabi/5.4.1/armv7-m/libgcc.a(_udivmoddi4.o)
 .ARM.exidx     0x00000000        0x8 /home/sunbeam/ARM/Toolchain/gcc-arm-none-eabi-5_4-2016q2/bin/../lib/gcc/arm-none-eabi/5.4.1/armv7-m/libgcc.a(_udivmoddi4.o)
 .debug_frame   0x00000000       0x38 /home/sunbeam/ARM/Toolchain/gcc-arm-none-eabi-5_4-2016q2/bin/../lib/gcc/arm-none-eabi/5.4.1/armv7-m/libgcc.a(_udivmoddi4.o)
 .ARM.attributes
                0x00000000       0x2d /home/sunbeam/ARM/Toolchain/gcc-arm-none-eabi-5_4-2016q2/bin/../lib/gcc/arm-none-eabi/5.4.1/armv7-m/libgcc.a(_udivmoddi4.o)
 .text          0x00000000        0x4 /home/sunbeam/ARM/Toolchain/gcc-arm-none-eabi-5_4-2016q2/bin/../lib/gcc/arm-none-eabi/5.4.1/armv7-m/libgcc.a(_dvmd_tls.o)
 .data          0x00000000        0x0 /home/sunbeam/ARM/Toolchain/gcc-arm-none-eabi-5_4-2016q2/bin/../lib/gcc/arm-none-eabi/5.4.1/armv7-m/libgcc.a(_dvmd_tls.o)
 .bss           0x00000000        0x0 /home/sunbeam/ARM/Toolchain/gcc-arm-none-eabi-5_4-2016q2/bin/../lib/gcc/arm-none-eabi/5.4.1/armv7-m/libgcc.a(_dvmd_tls.o)
 .ARM.attributes
                0x00000000       0x1d /home/sunbeam/ARM/Toolchain/gcc-arm-none-eabi-5_4-2016q2/bin/../lib/gcc/arm-none-eabi/5.4.1/armv7-m/libgcc.a(_dvmd_tls.o)
 .text          0x00000000        0x0 /home/sunbeam/ARM/Toolchain/gcc-arm-none-eabi-5_4-2016q2/bin/../lib/gcc/arm-none-eabi/5.4.1/armv7-m/crtend.o
 .data          0x00000000        0x0 /home/sunbeam/ARM/Toolchain/gcc-arm-none-eabi-5_4-2016q2/bin/../lib/gcc/arm-none-eabi/5.4.1/armv7-m/crtend.o
 .bss           0x00000000        0x0 /home/sunbeam/ARM/Toolchain/gcc-arm-none-eabi-5_4-2016q2/bin/../lib/gcc/arm-none-eabi/5.4.1/armv7-m/crtend.o
 .jcr           0x00000000        0x4 /home/sunbeam/ARM/Toolchain/gcc-arm-none-eabi-5_4-2016q2/bin/../lib/gcc/arm-none-eabi/5.4.1/armv7-m/crtend.o
 .text          0x00000000        0x0 /home/sunbeam/ARM/Toolchain/gcc-arm-none-eabi-5_4-2016q2/bin/../lib/gcc/arm-none-eabi/5.4.1/armv7-m/crtn.o
 .data          0x00000000        0x0 /home/sunbeam/ARM/Toolchain/gcc-arm-none-eabi-5_4-2016q2/bin/../lib/gcc/arm-none-eabi/5.4.1/armv7-m/crtn.o
 .bss           0x00000000        0x0 /home/sunbeam/ARM/Toolchain/gcc-arm-none-eabi-5_4-2016q2/bin/../lib/gcc/arm-none-eabi/5.4.1/armv7-m/crtn.o

Memory Configuration

Name             Origin             Length             Attributes
FLASH            0x00002000         0x0007e000         xr
RAM              0x100000c8         0x00007f38         xrw
USB_RAM          0x2007c000         0x00004000         xrw
ETH_RAM          0x20080000         0x00004000         xrw
*default*        0x00000000         0xffffffff

Linker script and memory map

LOAD /home/sunbeam/ARM/Toolchain/gcc-arm-none-eabi-5_4-2016q2/bin/../lib/gcc/arm-none-eabi/5.4.1/armv7-m/crti.o
LOAD /home/sunbeam/ARM/Toolchain/gcc-arm-none-eabi-5_4-2016q2/bin/../lib/gcc/arm-none-eabi/5.4.1/armv7-m/crtbegin.o
LOAD /home/sunbeam/ARM/Toolchain/gcc-arm-none-eabi-5_4-2016q2/bin/../lib/gcc/arm-none-eabi/5.4.1/../../../../arm-none-eabi/lib/armv7-m/crt0.o
LOAD main.o
LOAD startup_LPC17xx.o
LOAD system_LPC17xx.o
LOAD time.o
LOAD led.o
LOAD lcd.o
LOAD int.o
LOAD /home/sunbeam/ARM/Toolchain/gcc-arm-none-eabi-5_4-2016q2/arm-none-eabi/lib/armv7-m/libstdc++.a
LOAD /home/sunbeam/ARM/Toolchain/gcc-arm-none-eabi-5_4-2016q2/arm-none-eabi/lib/armv7-m/libsupc++.a
LOAD /home/sunbeam/ARM/Toolchain/gcc-arm-none-eabi-5_4-2016q2/arm-none-eabi/lib/armv7-m/libm.a
LOAD /home/sunbeam/ARM/Toolchain/gcc-arm-none-eabi-5_4-2016q2/arm-none-eabi/lib/armv7-m/libc.a
LOAD /home/sunbeam/ARM/Toolchain/gcc-arm-none-eabi-5_4-2016q2/arm-none-eabi/lib/armv7-m/libg.a
LOAD /home/sunbeam/ARM/Toolchain/gcc-arm-none-eabi-5_4-2016q2/arm-none-eabi/lib/armv7-m/libnosys.a
LOAD /home/sunbeam/ARM/Toolchain/gcc-arm-none-eabi-5_4-2016q2/arm-none-eabi/lib/armv7-m/libstdc++.a
LOAD /home/sunbeam/ARM/Toolchain/gcc-arm-none-eabi-5_4-2016q2/arm-none-eabi/lib/armv7-m/libsupc++.a
LOAD /home/sunbeam/ARM/Toolchain/gcc-arm-none-eabi-5_4-2016q2/arm-none-eabi/lib/armv7-m/libm.a
LOAD /home/sunbeam/ARM/Toolchain/gcc-arm-none-eabi-5_4-2016q2/arm-none-eabi/lib/armv7-m/libc.a
LOAD /home/sunbeam/ARM/Toolchain/gcc-arm-none-eabi-5_4-2016q2/arm-none-eabi/lib/armv7-m/libg.a
LOAD /home/sunbeam/ARM/Toolchain/gcc-arm-none-eabi-5_4-2016q2/arm-none-eabi/lib/armv7-m/libnosys.a
START GROUP
LOAD /home/sunbeam/ARM/Toolchain/gcc-arm-none-eabi-5_4-2016q2/bin/../lib/gcc/arm-none-eabi/5.4.1/armv7-m/libgcc.a
LOAD /home/sunbeam/ARM/Toolchain/gcc-arm-none-eabi-5_4-2016q2/arm-none-eabi/lib/armv7-m/libc.a
END GROUP
LOAD /home/sunbeam/ARM/Toolchain/gcc-arm-none-eabi-5_4-2016q2/bin/../lib/gcc/arm-none-eabi/5.4.1/armv7-m/crtend.o
LOAD /home/sunbeam/ARM/Toolchain/gcc-arm-none-eabi-5_4-2016q2/bin/../lib/gcc/arm-none-eabi/5.4.1/armv7-m/crtn.o

.text           0x00002000      0x934
 *(.isr_vector)
 .isr_vector    0x00002000       0xc4 startup_LPC17xx.o
                0x00002000                g_pfnVectors
 *(.text*)
 .text          0x000020c4       0x5c /home/sunbeam/ARM/Toolchain/gcc-arm-none-eabi-5_4-2016q2/bin/../lib/gcc/arm-none-eabi/5.4.1/armv7-m/crtbegin.o
 .text.main     0x00002120       0x90 main.o
                0x00002120                main
 .text.Reset_Handler
                0x000021b0       0x70 startup_LPC17xx.o
                0x000021b0                Reset_Handler
 .text.Default_Handler
                0x00002220        0x8 startup_LPC17xx.o
                0x00002220                TIMER2_IRQHandler
                0x00002220                DebugMon_Handler
                0x00002220                RIT_IRQHandler
                0x00002220                I2C0_IRQHandler
                0x00002220                SysTick_Handler
                0x00002220                PWM1_IRQHandler
                0x00002220                PendSV_Handler
                0x00002220                I2C1_IRQHandler
                0x00002220                UART1_IRQHandler
                0x00002220                EINT3_IRQHandler
                0x00002220                TIMER3_IRQHandler
                0x00002220                UART0_IRQHandler
                0x00002220                UsageFault_Handler
                0x00002220                PLL0_IRQHandler
                0x00002220                CAN_IRQHandler
                0x00002220                PLL1_IRQHandler
                0x00002220                SSP0_IRQHandler
                0x00002220                I2S_IRQHandler
                0x00002220                I2C2_IRQHandler
                0x00002220                RTC_IRQHandler
                0x00002220                SPI_IRQHandler
                0x00002220                EINT1_IRQHandler
                0x00002220                TIMER1_IRQHandler
                0x00002220                UART2_IRQHandler
                0x00002220                Default_Handler
                0x00002220                ADC_IRQHandler
                0x00002220                SSP1_IRQHandler
                0x00002220                USB_IRQHandler
                0x00002220                BOD_IRQHandler
                0x00002220                MemManage_Handler
                0x00002220                WDT_IRQHandler
                0x00002220                SVC_Handler
                0x00002220                QEI_IRQHandler
                0x00002220                EINT0_IRQHandler
                0x00002220                DMA_IRQHandler
                0x00002220                BusFault_Handler
                0x00002220                UART3_IRQHandler
                0x00002220                MCPWM_IRQHandler
                0x00002220                ENET_IRQHandler
 .text.SystemInit
                0x00002228      0x13c system_LPC17xx.o
                0x00002228                SystemInit
 .text.sw_delay
                0x00002364       0x40 system_LPC17xx.o
                0x00002364                sw_delay
 .text.NVIC_EnableIRQ
                0x000023a4       0x30 time.o
 .text.TIMEInit
                0x000023d4       0xd4 time.o
                0x000023d4                TIMEInit
 .text.TIMER0_IRQHandler
                0x000024a8       0xac time.o
                0x000024a8                TIMER0_IRQHandler
 .text.LEDInit  0x00002554       0x1c led.o
                0x00002554                LEDInit
 .text.LED_ON   0x00002570       0x1c led.o
                0x00002570                LED_ON
 .text.LED_OFF  0x0000258c       0x18 led.o
                0x0000258c                LED_OFF
 .text.LCDInit  0x000025a4       0x58 lcd.o
                0x000025a4                LCDInit
 .text.busy     0x000025fc       0x58 lcd.o
                0x000025fc                busy
 .text.SendData
                0x00002654       0x48 lcd.o
                0x00002654                SendData
 .text.sendnibble
                0x0000269c       0x74 lcd.o
                0x0000269c                sendnibble
 .text.enterdata
                0x00002710       0x48 lcd.o
                0x00002710                enterdata
 .text.NVIC_EnableIRQ
                0x00002758       0x30 int.o
 .text.INTInit  0x00002788       0x60 int.o
                0x00002788                INTInit
 .text.EINT2_IRQHandler
                0x000027e8       0x24 int.o
                0x000027e8                EINT2_IRQHandler
 .text.startup.register_fini
                0x0000280c       0x14 /home/sunbeam/ARM/Toolchain/gcc-arm-none-eabi-5_4-2016q2/arm-none-eabi/lib/armv7-m/libc.a(lib_a-__call_atexit.o)
 .text.atexit   0x00002820        0xc /home/sunbeam/ARM/Toolchain/gcc-arm-none-eabi-5_4-2016q2/arm-none-eabi/lib/armv7-m/libc.a(lib_a-atexit.o)
                0x00002820                atexit
 .text.__libc_fini_array
                0x0000282c       0x28 /home/sunbeam/ARM/Toolchain/gcc-arm-none-eabi-5_4-2016q2/arm-none-eabi/lib/armv7-m/libc.a(lib_a-fini.o)
                0x0000282c                __libc_fini_array
 .text.__register_exitproc
                0x00002854       0xa4 /home/sunbeam/ARM/Toolchain/gcc-arm-none-eabi-5_4-2016q2/arm-none-eabi/lib/armv7-m/libc.a(lib_a-__atexit.o)
                0x00002854                __register_exitproc
 *(.init)
 .init          0x000028f8        0x4 /home/sunbeam/ARM/Toolchain/gcc-arm-none-eabi-5_4-2016q2/bin/../lib/gcc/arm-none-eabi/5.4.1/armv7-m/crti.o
                0x000028f8                _init
 .init          0x000028fc        0x8 /home/sunbeam/ARM/Toolchain/gcc-arm-none-eabi-5_4-2016q2/bin/../lib/gcc/arm-none-eabi/5.4.1/armv7-m/crtn.o
 *(.fini)
 .fini          0x00002904        0x4 /home/sunbeam/ARM/Toolchain/gcc-arm-none-eabi-5_4-2016q2/bin/../lib/gcc/arm-none-eabi/5.4.1/armv7-m/crti.o
                0x00002904                _fini
 .fini          0x00002908        0x8 /home/sunbeam/ARM/Toolchain/gcc-arm-none-eabi-5_4-2016q2/bin/../lib/gcc/arm-none-eabi/5.4.1/armv7-m/crtn.o
 *crtbegin.o(.ctors)
 *crtbegin?.o(.ctors)
 *(EXCLUDE_FILE(*crtend.o *crtend?.o) .ctors)
 *(SORT(.ctors.*))
 *(.ctors)
 *crtbegin.o(.dtors)
 *crtbegin?.o(.dtors)
 *(EXCLUDE_FILE(*crtend.o *crtend?.o) .dtors)
 *(SORT(.dtors.*))
 *(.dtors)
 *(.rodata*)
 .rodata        0x00002910       0x18 main.o
 .rodata.str1.4
                0x00002928        0x4 /home/sunbeam/ARM/Toolchain/gcc-arm-none-eabi-5_4-2016q2/arm-none-eabi/lib/armv7-m/libc.a(lib_a-impure.o)
                                  0x2 (size before relaxing)
 .rodata._global_impure_ptr
                0x0000292c        0x4 /home/sunbeam/ARM/Toolchain/gcc-arm-none-eabi-5_4-2016q2/arm-none-eabi/lib/armv7-m/libc.a(lib_a-impure.o)
                0x0000292c                _global_impure_ptr
 *(.eh_frame*)
 .eh_frame      0x00002930        0x0 /home/sunbeam/ARM/Toolchain/gcc-arm-none-eabi-5_4-2016q2/bin/../lib/gcc/arm-none-eabi/5.4.1/armv7-m/crtbegin.o
 .eh_frame      0x00002930        0x4 /home/sunbeam/ARM/Toolchain/gcc-arm-none-eabi-5_4-2016q2/bin/../lib/gcc/arm-none-eabi/5.4.1/armv7-m/crtend.o

.glue_7         0x00002934        0x0
 .glue_7        0x00002934        0x0 linker stubs

.glue_7t        0x00002934        0x0
 .glue_7t       0x00002934        0x0 linker stubs

.vfp11_veneer   0x00002934        0x0
 .vfp11_veneer  0x00002934        0x0 linker stubs

.v4_bx          0x00002934        0x0
 .v4_bx         0x00002934        0x0 linker stubs

.iplt           0x00002934        0x0
 .iplt          0x00002934        0x0 /home/sunbeam/ARM/Toolchain/gcc-arm-none-eabi-5_4-2016q2/bin/../lib/gcc/arm-none-eabi/5.4.1/armv7-m/crtbegin.o

.rel.dyn        0x00002934        0x0
 .rel.iplt      0x00002934        0x0 /home/sunbeam/ARM/Toolchain/gcc-arm-none-eabi-5_4-2016q2/bin/../lib/gcc/arm-none-eabi/5.4.1/armv7-m/crtbegin.o

.ARM.extab
 *(.ARM.extab* .gnu.linkonce.armextab.*)
                0x00002934                __exidx_start = .

.ARM.exidx
 *(.ARM.exidx* .gnu.linkonce.armexidx.*)
                0x00002934                __exidx_end = .
                0x00002934                __etext = .
                0x00002934                __sidata = __etext

.data           0x100000c8      0x434 load address 0x00002934
                0x100000c8                __data_start__ = .
 *(vtable)
 *(.data*)
 .data.impure_data
                0x100000c8      0x428 /home/sunbeam/ARM/Toolchain/gcc-arm-none-eabi-5_4-2016q2/arm-none-eabi/lib/armv7-m/libc.a(lib_a-impure.o)
                0x100004f0                . = ALIGN (0x4)
                0x100004f0                PROVIDE (__preinit_array_start, .)
 *(.preinit_array)
                0x100004f0                PROVIDE (__preinit_array_end, .)
                0x100004f0                . = ALIGN (0x4)
                0x100004f0                PROVIDE (__init_array_start, .)
 *(SORT(.init_array.*))
 .init_array.00000
                0x100004f0        0x4 /home/sunbeam/ARM/Toolchain/gcc-arm-none-eabi-5_4-2016q2/arm-none-eabi/lib/armv7-m/libc.a(lib_a-__call_atexit.o)
 *(.init_array)
 .init_array    0x100004f4        0x4 /home/sunbeam/ARM/Toolchain/gcc-arm-none-eabi-5_4-2016q2/bin/../lib/gcc/arm-none-eabi/5.4.1/armv7-m/crtbegin.o
                0x100004f8                PROVIDE (__init_array_end, .)
                0x100004f8                . = ALIGN (0x4)
                0x100004f8                PROVIDE (__fini_array_start, .)
 *(SORT(.fini_array.*))
 *(.fini_array)
 .fini_array    0x100004f8        0x4 /home/sunbeam/ARM/Toolchain/gcc-arm-none-eabi-5_4-2016q2/bin/../lib/gcc/arm-none-eabi/5.4.1/armv7-m/crtbegin.o
                0x100004fc                PROVIDE (__fini_array_end, .)
                0x100004fc                . = ALIGN (0x4)
                0x100004fc                __data_end__ = .

.jcr            0x100004fc        0x0 load address 0x00002d68
 .jcr           0x100004fc        0x0 /home/sunbeam/ARM/Toolchain/gcc-arm-none-eabi-5_4-2016q2/bin/../lib/gcc/arm-none-eabi/5.4.1/armv7-m/crtbegin.o

.igot.plt       0x100004fc        0x0 load address 0x00002d68
 .igot.plt      0x100004fc        0x0 /home/sunbeam/ARM/Toolchain/gcc-arm-none-eabi-5_4-2016q2/bin/../lib/gcc/arm-none-eabi/5.4.1/armv7-m/crtbegin.o

.stackarea      0x100004fc      0x800 load address 0x00002d68
 .stackarea     0x100004fc      0x800 startup_LPC17xx.o
                0x100004fc                pulStack

.bss            0x10000cfc       0x20 load address 0x00003568
                0x10000cfc                __bss_start__ = .
 *(.bss*)
 .bss           0x10000cfc       0x1c /home/sunbeam/ARM/Toolchain/gcc-arm-none-eabi-5_4-2016q2/bin/../lib/gcc/arm-none-eabi/5.4.1/armv7-m/crtbegin.o
 .bss.flag      0x10000d18        0x4 time.o
                0x10000d18                flag
 *(COMMON)
                0x10000d1c                __bss_end__ = .

.heap           0x10000d1c        0x0
                0x10000d1c                __end__ = .
                0x10000d1c                end = __end__
 *(.heap*)
                0x10000d1c                __HeapLimit = .

.stack_dummy    0x10000d1c        0x0
 *(.stack)
                0x10008000                __StackTop = (ORIGIN (RAM) + LENGTH (RAM))
                0x10008000                __StackLimit = (__StackTop - SIZEOF (.stack_dummy))
                0x10008000                PROVIDE (__stack, __StackTop)
                0x00000001                ASSERT ((__StackLimit >= __HeapLimit), region RAM overflowed with stack)
OUTPUT(basic.elf elf32-littlearm)

.ARM.attributes
                0x00000000       0x29
 .ARM.attributes
                0x00000000       0x1d /home/sunbeam/ARM/Toolchain/gcc-arm-none-eabi-5_4-2016q2/bin/../lib/gcc/arm-none-eabi/5.4.1/armv7-m/crti.o
 .ARM.attributes
                0x0000001d       0x2d /home/sunbeam/ARM/Toolchain/gcc-arm-none-eabi-5_4-2016q2/bin/../lib/gcc/arm-none-eabi/5.4.1/armv7-m/crtbegin.o
 .ARM.attributes
                0x0000004a       0x33 main.o
 .ARM.attributes
                0x0000007d       0x33 startup_LPC17xx.o
 .ARM.attributes
                0x000000b0       0x33 system_LPC17xx.o
 .ARM.attributes
                0x000000e3       0x33 time.o
 .ARM.attributes
                0x00000116       0x33 led.o
 .ARM.attributes
                0x00000149       0x33 lcd.o
 .ARM.attributes
                0x0000017c       0x33 int.o
 .ARM.attributes
                0x000001af       0x2d /home/sunbeam/ARM/Toolchain/gcc-arm-none-eabi-5_4-2016q2/arm-none-eabi/lib/armv7-m/libc.a(lib_a-impure.o)
 .ARM.attributes
                0x000001dc       0x2d /home/sunbeam/ARM/Toolchain/gcc-arm-none-eabi-5_4-2016q2/arm-none-eabi/lib/armv7-m/libc.a(lib_a-__call_atexit.o)
 .ARM.attributes
                0x00000209       0x2d /home/sunbeam/ARM/Toolchain/gcc-arm-none-eabi-5_4-2016q2/arm-none-eabi/lib/armv7-m/libc.a(lib_a-atexit.o)
 .ARM.attributes
                0x00000236       0x2d /home/sunbeam/ARM/Toolchain/gcc-arm-none-eabi-5_4-2016q2/arm-none-eabi/lib/armv7-m/libc.a(lib_a-fini.o)
 .ARM.attributes
                0x00000263       0x2d /home/sunbeam/ARM/Toolchain/gcc-arm-none-eabi-5_4-2016q2/arm-none-eabi/lib/armv7-m/libc.a(lib_a-__atexit.o)
 .ARM.attributes
                0x00000290       0x2d /home/sunbeam/ARM/Toolchain/gcc-arm-none-eabi-5_4-2016q2/bin/../lib/gcc/arm-none-eabi/5.4.1/armv7-m/crtend.o
 .ARM.attributes
                0x000002bd       0x1d /home/sunbeam/ARM/Toolchain/gcc-arm-none-eabi-5_4-2016q2/bin/../lib/gcc/arm-none-eabi/5.4.1/armv7-m/crtn.o

.comment        0x00000000       0x6e
 .comment       0x00000000       0x6e main.o
                                 0x6f (size before relaxing)
 .comment       0x0000006e       0x6f startup_LPC17xx.o
 .comment       0x0000006e       0x6f system_LPC17xx.o
 .comment       0x0000006e       0x6f time.o
 .comment       0x0000006e       0x6f led.o
 .comment       0x0000006e       0x6f lcd.o
 .comment       0x0000006e       0x6f int.o

.debug_frame    0x00000000       0xd8
 .debug_frame   0x00000000       0x50 /home/sunbeam/ARM/Toolchain/gcc-arm-none-eabi-5_4-2016q2/arm-none-eabi/lib/armv7-m/libc.a(lib_a-__call_atexit.o)
 .debug_frame   0x00000050       0x20 /home/sunbeam/ARM/Toolchain/gcc-arm-none-eabi-5_4-2016q2/arm-none-eabi/lib/armv7-m/libc.a(lib_a-atexit.o)
 .debug_frame   0x00000070       0x34 /home/sunbeam/ARM/Toolchain/gcc-arm-none-eabi-5_4-2016q2/arm-none-eabi/lib/armv7-m/libc.a(lib_a-fini.o)
 .debug_frame   0x000000a4       0x34 /home/sunbeam/ARM/Toolchain/gcc-arm-none-eabi-5_4-2016q2/arm-none-eabi/lib/armv7-m/libc.a(lib_a-__atexit.o)
