Archive member included to satisfy reference by file (symbol)

/home/sunbeam/D_day/AVR/softwares/avr-gcc-8.2.0-x64-linux/bin/../lib/gcc/avr/8.2.0/avr5/libgcc.a(_exit.o)
                              /home/sunbeam/D_day/AVR/softwares/avr-gcc-8.2.0-x64-linux/bin/../lib/gcc/avr/8.2.0/../../../../avr/lib/avr5/crtatmega32.o (exit)
/home/sunbeam/D_day/AVR/softwares/avr-gcc-8.2.0-x64-linux/bin/../lib/gcc/avr/8.2.0/avr5/libgcc.a(_copy_data.o)
                              main.o (__do_copy_data)
/home/sunbeam/D_day/AVR/softwares/avr-gcc-8.2.0-x64-linux/bin/../lib/gcc/avr/8.2.0/avr5/libgcc.a(_clear_bss.o)
                              adc_intr.o (__do_clear_bss)
/home/sunbeam/D_day/AVR/softwares/avr-gcc-8.2.0-x64-linux/bin/../lib/gcc/avr/8.2.0/../../../../avr/lib/avr5/libc.a(sprintf.o)
                              main.o (sprintf)
/home/sunbeam/D_day/AVR/softwares/avr-gcc-8.2.0-x64-linux/bin/../lib/gcc/avr/8.2.0/../../../../avr/lib/avr5/libc.a(vfprintf_std.o)
                              /home/sunbeam/D_day/AVR/softwares/avr-gcc-8.2.0-x64-linux/bin/../lib/gcc/avr/8.2.0/../../../../avr/lib/avr5/libc.a(sprintf.o) (vfprintf)
/home/sunbeam/D_day/AVR/softwares/avr-gcc-8.2.0-x64-linux/bin/../lib/gcc/avr/8.2.0/../../../../avr/lib/avr5/libc.a(strnlen_P.o)
                              /home/sunbeam/D_day/AVR/softwares/avr-gcc-8.2.0-x64-linux/bin/../lib/gcc/avr/8.2.0/../../../../avr/lib/avr5/libc.a(vfprintf_std.o) (strnlen_P)
/home/sunbeam/D_day/AVR/softwares/avr-gcc-8.2.0-x64-linux/bin/../lib/gcc/avr/8.2.0/../../../../avr/lib/avr5/libc.a(strnlen.o)
                              /home/sunbeam/D_day/AVR/softwares/avr-gcc-8.2.0-x64-linux/bin/../lib/gcc/avr/8.2.0/../../../../avr/lib/avr5/libc.a(vfprintf_std.o) (strnlen)
/home/sunbeam/D_day/AVR/softwares/avr-gcc-8.2.0-x64-linux/bin/../lib/gcc/avr/8.2.0/../../../../avr/lib/avr5/libc.a(fputc.o)
                              /home/sunbeam/D_day/AVR/softwares/avr-gcc-8.2.0-x64-linux/bin/../lib/gcc/avr/8.2.0/../../../../avr/lib/avr5/libc.a(vfprintf_std.o) (fputc)
/home/sunbeam/D_day/AVR/softwares/avr-gcc-8.2.0-x64-linux/bin/../lib/gcc/avr/8.2.0/../../../../avr/lib/avr5/libc.a(ultoa_invert.o)
                              /home/sunbeam/D_day/AVR/softwares/avr-gcc-8.2.0-x64-linux/bin/../lib/gcc/avr/8.2.0/../../../../avr/lib/avr5/libc.a(vfprintf_std.o) (__ultoa_invert)
/home/sunbeam/D_day/AVR/softwares/avr-gcc-8.2.0-x64-linux/bin/../lib/gcc/avr/8.2.0/avr5/libgcc.a(_prologue.o)
                              /home/sunbeam/D_day/AVR/softwares/avr-gcc-8.2.0-x64-linux/bin/../lib/gcc/avr/8.2.0/../../../../avr/lib/avr5/libc.a(sprintf.o) (__prologue_saves__)
/home/sunbeam/D_day/AVR/softwares/avr-gcc-8.2.0-x64-linux/bin/../lib/gcc/avr/8.2.0/avr5/libgcc.a(_epilogue.o)
                              /home/sunbeam/D_day/AVR/softwares/avr-gcc-8.2.0-x64-linux/bin/../lib/gcc/avr/8.2.0/../../../../avr/lib/avr5/libc.a(sprintf.o) (__epilogue_restores__)

Memory Configuration

Name             Origin             Length             Attributes
text             0x0000000000000000 0x0000000000020000 xr
data             0x0000000000800060 0x000000000000ffa0 rw !x
eeprom           0x0000000000810000 0x0000000000010000 rw !x
fuse             0x0000000000820000 0x0000000000000400 rw !x
lock             0x0000000000830000 0x0000000000000400 rw !x
signature        0x0000000000840000 0x0000000000000400 rw !x
user_signatures  0x0000000000850000 0x0000000000000400 rw !x
*default*        0x0000000000000000 0xffffffffffffffff

Linker script and memory map

LOAD /home/sunbeam/D_day/AVR/softwares/avr-gcc-8.2.0-x64-linux/bin/../lib/gcc/avr/8.2.0/../../../../avr/lib/avr5/crtatmega32.o
LOAD main.o
LOAD lcd.o
LOAD adc_intr.o
LOAD /home/sunbeam/D_day/AVR/softwares/avr-gcc-8.2.0-x64-linux/bin/../lib/gcc/avr/8.2.0/../../../../avr/lib/avr5/libm.a
START GROUP
LOAD /home/sunbeam/D_day/AVR/softwares/avr-gcc-8.2.0-x64-linux/bin/../lib/gcc/avr/8.2.0/avr5/libgcc.a
LOAD /home/sunbeam/D_day/AVR/softwares/avr-gcc-8.2.0-x64-linux/bin/../lib/gcc/avr/8.2.0/../../../../avr/lib/avr5/libm.a
LOAD /home/sunbeam/D_day/AVR/softwares/avr-gcc-8.2.0-x64-linux/bin/../lib/gcc/avr/8.2.0/../../../../avr/lib/avr5/libc.a
LOAD /home/sunbeam/D_day/AVR/softwares/avr-gcc-8.2.0-x64-linux/bin/../lib/gcc/avr/8.2.0/../../../../avr/lib/avr5/libatmega32.a
END GROUP
                0x0000000000020000                __TEXT_REGION_LENGTH__ = DEFINED (__TEXT_REGION_LENGTH__)?__TEXT_REGION_LENGTH__:0x20000
                0x000000000000ffa0                __DATA_REGION_LENGTH__ = DEFINED (__DATA_REGION_LENGTH__)?__DATA_REGION_LENGTH__:0xffa0
                0x0000000000010000                __EEPROM_REGION_LENGTH__ = DEFINED (__EEPROM_REGION_LENGTH__)?__EEPROM_REGION_LENGTH__:0x10000
                0x0000000000000400                __FUSE_REGION_LENGTH__ = DEFINED (__FUSE_REGION_LENGTH__)?__FUSE_REGION_LENGTH__:0x400
                0x0000000000000400                __LOCK_REGION_LENGTH__ = DEFINED (__LOCK_REGION_LENGTH__)?__LOCK_REGION_LENGTH__:0x400
                0x0000000000000400                __SIGNATURE_REGION_LENGTH__ = DEFINED (__SIGNATURE_REGION_LENGTH__)?__SIGNATURE_REGION_LENGTH__:0x400
                0x0000000000000400                __USER_SIGNATURE_REGION_LENGTH__ = DEFINED (__USER_SIGNATURE_REGION_LENGTH__)?__USER_SIGNATURE_REGION_LENGTH__:0x400

.hash
 *(.hash)

.dynsym
 *(.dynsym)

.dynstr
 *(.dynstr)

.gnu.version
 *(.gnu.version)

.gnu.version_d
 *(.gnu.version_d)

.gnu.version_r
 *(.gnu.version_r)

.rel.init
 *(.rel.init)

.rela.init
 *(.rela.init)

.rel.text
 *(.rel.text)
 *(.rel.text.*)
 *(.rel.gnu.linkonce.t*)

.rela.text
 *(.rela.text)
 *(.rela.text.*)
 *(.rela.gnu.linkonce.t*)

.rel.fini
 *(.rel.fini)

.rela.fini
 *(.rela.fini)

.rel.rodata
 *(.rel.rodata)
 *(.rel.rodata.*)
 *(.rel.gnu.linkonce.r*)

.rela.rodata
 *(.rela.rodata)
 *(.rela.rodata.*)
 *(.rela.gnu.linkonce.r*)

.rel.data
 *(.rel.data)
 *(.rel.data.*)
 *(.rel.gnu.linkonce.d*)

.rela.data
 *(.rela.data)
 *(.rela.data.*)
 *(.rela.gnu.linkonce.d*)

.rel.ctors
 *(.rel.ctors)

.rela.ctors
 *(.rela.ctors)

.rel.dtors
 *(.rel.dtors)

.rela.dtors
 *(.rela.dtors)

.rel.got
 *(.rel.got)

.rela.got
 *(.rela.got)

.rel.bss
 *(.rel.bss)

.rela.bss
 *(.rela.bss)

.rel.plt
 *(.rel.plt)

.rela.plt
 *(.rela.plt)

.text           0x0000000000000000      0x83c
 *(.vectors)
 .vectors       0x0000000000000000       0x54 /home/sunbeam/D_day/AVR/softwares/avr-gcc-8.2.0-x64-linux/bin/../lib/gcc/avr/8.2.0/../../../../avr/lib/avr5/crtatmega32.o
                0x0000000000000000                __vectors
                0x0000000000000000                __vector_default
 *(.vectors)
 *(.progmem.gcc*)
                0x0000000000000054                . = ALIGN (0x2)
                0x0000000000000054                __trampolines_start = .
 *(.trampolines)
 .trampolines   0x0000000000000054        0x0 linker stubs
 *(.trampolines*)
                0x0000000000000054                __trampolines_end = .
 *libprintf_flt.a:*(.progmem.data)
 *libc.a:*(.progmem.data)
 *(.progmem.*)
                0x0000000000000054                . = ALIGN (0x2)
 *(.lowtext)
 *(.lowtext*)
                0x0000000000000054                __ctors_start = .
 *(.ctors)
                0x0000000000000054                __ctors_end = .
                0x0000000000000054                __dtors_start = .
 *(.dtors)
                0x0000000000000054                __dtors_end = .
 SORT_BY_NAME(*)(.ctors)
 SORT_BY_NAME(*)(.dtors)
 *(.init0)
 .init0         0x0000000000000054        0x0 /home/sunbeam/D_day/AVR/softwares/avr-gcc-8.2.0-x64-linux/bin/../lib/gcc/avr/8.2.0/../../../../avr/lib/avr5/crtatmega32.o
                0x0000000000000054                __init
 *(.init0)
 *(.init1)
 *(.init1)
 *(.init2)
 .init2         0x0000000000000054        0xc /home/sunbeam/D_day/AVR/softwares/avr-gcc-8.2.0-x64-linux/bin/../lib/gcc/avr/8.2.0/../../../../avr/lib/avr5/crtatmega32.o
 *(.init2)
 *(.init3)
 *(.init3)
 *(.init4)
 .init4         0x0000000000000060       0x16 /home/sunbeam/D_day/AVR/softwares/avr-gcc-8.2.0-x64-linux/bin/../lib/gcc/avr/8.2.0/avr5/libgcc.a(_copy_data.o)
                0x0000000000000060                __do_copy_data
 .init4         0x0000000000000076       0x10 /home/sunbeam/D_day/AVR/softwares/avr-gcc-8.2.0-x64-linux/bin/../lib/gcc/avr/8.2.0/avr5/libgcc.a(_clear_bss.o)
                0x0000000000000076                __do_clear_bss
 *(.init4)
 *(.init5)
 *(.init5)
 *(.init6)
 *(.init6)
 *(.init7)
 *(.init7)
 *(.init8)
 *(.init8)
 *(.init9)
 .init9         0x0000000000000086        0x8 /home/sunbeam/D_day/AVR/softwares/avr-gcc-8.2.0-x64-linux/bin/../lib/gcc/avr/8.2.0/../../../../avr/lib/avr5/crtatmega32.o
 *(.init9)
 *(.text)
 .text          0x000000000000008e        0x4 /home/sunbeam/D_day/AVR/softwares/avr-gcc-8.2.0-x64-linux/bin/../lib/gcc/avr/8.2.0/../../../../avr/lib/avr5/crtatmega32.o
                0x000000000000008e                __vector_1
                0x000000000000008e                __vector_12
                0x000000000000008e                __bad_interrupt
                0x000000000000008e                __vector_6
                0x000000000000008e                __vector_3
                0x000000000000008e                __vector_11
                0x000000000000008e                __vector_13
                0x000000000000008e                __vector_17
                0x000000000000008e                __vector_19
                0x000000000000008e                __vector_7
                0x000000000000008e                __vector_5
                0x000000000000008e                __vector_4
                0x000000000000008e                __vector_9
                0x000000000000008e                __vector_2
                0x000000000000008e                __vector_15
                0x000000000000008e                __vector_8
                0x000000000000008e                __vector_14
                0x000000000000008e                __vector_10
                0x000000000000008e                __vector_18
                0x000000000000008e                __vector_20
 .text          0x0000000000000092        0x0 main.o
 .text          0x0000000000000092      0x102 lcd.o
                0x0000000000000092                lcd_write_nibble
                0x00000000000000c2                lcd_write
                0x00000000000000f0                lcd_init
                0x0000000000000134                lcd_gotoxy
                0x0000000000000158                lcd_putchar
                0x0000000000000162                lcd_putstring
 .text          0x0000000000000194       0x3e adc_intr.o
                0x0000000000000194                adc_init
                0x00000000000001aa                adc_read
                0x00000000000001b0                __vector_16
 .text          0x00000000000001d2        0x0 /home/sunbeam/D_day/AVR/softwares/avr-gcc-8.2.0-x64-linux/bin/../lib/gcc/avr/8.2.0/avr5/libgcc.a(_exit.o)
 .text          0x00000000000001d2        0x0 /home/sunbeam/D_day/AVR/softwares/avr-gcc-8.2.0-x64-linux/bin/../lib/gcc/avr/8.2.0/avr5/libgcc.a(_copy_data.o)
 .text          0x00000000000001d2        0x0 /home/sunbeam/D_day/AVR/softwares/avr-gcc-8.2.0-x64-linux/bin/../lib/gcc/avr/8.2.0/avr5/libgcc.a(_clear_bss.o)
 .text          0x00000000000001d2        0x0 /home/sunbeam/D_day/AVR/softwares/avr-gcc-8.2.0-x64-linux/bin/../lib/gcc/avr/8.2.0/../../../../avr/lib/avr5/libc.a(sprintf.o)
 .text          0x00000000000001d2        0x0 /home/sunbeam/D_day/AVR/softwares/avr-gcc-8.2.0-x64-linux/bin/../lib/gcc/avr/8.2.0/../../../../avr/lib/avr5/libc.a(vfprintf_std.o)
 .text          0x00000000000001d2        0x0 /home/sunbeam/D_day/AVR/softwares/avr-gcc-8.2.0-x64-linux/bin/../lib/gcc/avr/8.2.0/../../../../avr/lib/avr5/libc.a(strnlen_P.o)
 .text          0x00000000000001d2        0x0 /home/sunbeam/D_day/AVR/softwares/avr-gcc-8.2.0-x64-linux/bin/../lib/gcc/avr/8.2.0/../../../../avr/lib/avr5/libc.a(strnlen.o)
 .text          0x00000000000001d2        0x0 /home/sunbeam/D_day/AVR/softwares/avr-gcc-8.2.0-x64-linux/bin/../lib/gcc/avr/8.2.0/../../../../avr/lib/avr5/libc.a(fputc.o)
 .text          0x00000000000001d2        0x0 /home/sunbeam/D_day/AVR/softwares/avr-gcc-8.2.0-x64-linux/bin/../lib/gcc/avr/8.2.0/../../../../avr/lib/avr5/libc.a(ultoa_invert.o)
 .text          0x00000000000001d2        0x0 /home/sunbeam/D_day/AVR/softwares/avr-gcc-8.2.0-x64-linux/bin/../lib/gcc/avr/8.2.0/avr5/libgcc.a(_prologue.o)
 .text          0x00000000000001d2        0x0 /home/sunbeam/D_day/AVR/softwares/avr-gcc-8.2.0-x64-linux/bin/../lib/gcc/avr/8.2.0/avr5/libgcc.a(_epilogue.o)
                0x00000000000001d2                . = ALIGN (0x2)
 *(.text.*)
 .text.startup  0x00000000000001d2       0xd4 main.o
                0x00000000000001d2                main
 .text.libgcc.mul
                0x00000000000002a6        0x0 /home/sunbeam/D_day/AVR/softwares/avr-gcc-8.2.0-x64-linux/bin/../lib/gcc/avr/8.2.0/avr5/libgcc.a(_exit.o)
 .text.libgcc.div
                0x00000000000002a6        0x0 /home/sunbeam/D_day/AVR/softwares/avr-gcc-8.2.0-x64-linux/bin/../lib/gcc/avr/8.2.0/avr5/libgcc.a(_exit.o)
 .text.libgcc   0x00000000000002a6        0x0 /home/sunbeam/D_day/AVR/softwares/avr-gcc-8.2.0-x64-linux/bin/../lib/gcc/avr/8.2.0/avr5/libgcc.a(_exit.o)
 .text.libgcc.prologue
                0x00000000000002a6        0x0 /home/sunbeam/D_day/AVR/softwares/avr-gcc-8.2.0-x64-linux/bin/../lib/gcc/avr/8.2.0/avr5/libgcc.a(_exit.o)
 .text.libgcc.builtins
                0x00000000000002a6        0x0 /home/sunbeam/D_day/AVR/softwares/avr-gcc-8.2.0-x64-linux/bin/../lib/gcc/avr/8.2.0/avr5/libgcc.a(_exit.o)
 .text.libgcc.fmul
                0x00000000000002a6        0x0 /home/sunbeam/D_day/AVR/softwares/avr-gcc-8.2.0-x64-linux/bin/../lib/gcc/avr/8.2.0/avr5/libgcc.a(_exit.o)
 .text.libgcc.fixed
                0x00000000000002a6        0x0 /home/sunbeam/D_day/AVR/softwares/avr-gcc-8.2.0-x64-linux/bin/../lib/gcc/avr/8.2.0/avr5/libgcc.a(_exit.o)
 .text.libgcc.mul
                0x00000000000002a6        0x0 /home/sunbeam/D_day/AVR/softwares/avr-gcc-8.2.0-x64-linux/bin/../lib/gcc/avr/8.2.0/avr5/libgcc.a(_copy_data.o)
 .text.libgcc.div
                0x00000000000002a6        0x0 /home/sunbeam/D_day/AVR/softwares/avr-gcc-8.2.0-x64-linux/bin/../lib/gcc/avr/8.2.0/avr5/libgcc.a(_copy_data.o)
 .text.libgcc   0x00000000000002a6        0x0 /home/sunbeam/D_day/AVR/softwares/avr-gcc-8.2.0-x64-linux/bin/../lib/gcc/avr/8.2.0/avr5/libgcc.a(_copy_data.o)
 .text.libgcc.prologue
                0x00000000000002a6        0x0 /home/sunbeam/D_day/AVR/softwares/avr-gcc-8.2.0-x64-linux/bin/../lib/gcc/avr/8.2.0/avr5/libgcc.a(_copy_data.o)
 .text.libgcc.builtins
                0x00000000000002a6        0x0 /home/sunbeam/D_day/AVR/softwares/avr-gcc-8.2.0-x64-linux/bin/../lib/gcc/avr/8.2.0/avr5/libgcc.a(_copy_data.o)
 .text.libgcc.fmul
                0x00000000000002a6        0x0 /home/sunbeam/D_day/AVR/softwares/avr-gcc-8.2.0-x64-linux/bin/../lib/gcc/avr/8.2.0/avr5/libgcc.a(_copy_data.o)
 .text.libgcc.fixed
                0x00000000000002a6        0x0 /home/sunbeam/D_day/AVR/softwares/avr-gcc-8.2.0-x64-linux/bin/../lib/gcc/avr/8.2.0/avr5/libgcc.a(_copy_data.o)
 .text.libgcc.mul
                0x00000000000002a6        0x0 /home/sunbeam/D_day/AVR/softwares/avr-gcc-8.2.0-x64-linux/bin/../lib/gcc/avr/8.2.0/avr5/libgcc.a(_clear_bss.o)
 .text.libgcc.div
                0x00000000000002a6        0x0 /home/sunbeam/D_day/AVR/softwares/avr-gcc-8.2.0-x64-linux/bin/../lib/gcc/avr/8.2.0/avr5/libgcc.a(_clear_bss.o)
 .text.libgcc   0x00000000000002a6        0x0 /home/sunbeam/D_day/AVR/softwares/avr-gcc-8.2.0-x64-linux/bin/../lib/gcc/avr/8.2.0/avr5/libgcc.a(_clear_bss.o)
 .text.libgcc.prologue
                0x00000000000002a6        0x0 /home/sunbeam/D_day/AVR/softwares/avr-gcc-8.2.0-x64-linux/bin/../lib/gcc/avr/8.2.0/avr5/libgcc.a(_clear_bss.o)
 .text.libgcc.builtins
                0x00000000000002a6        0x0 /home/sunbeam/D_day/AVR/softwares/avr-gcc-8.2.0-x64-linux/bin/../lib/gcc/avr/8.2.0/avr5/libgcc.a(_clear_bss.o)
 .text.libgcc.fmul
                0x00000000000002a6        0x0 /home/sunbeam/D_day/AVR/softwares/avr-gcc-8.2.0-x64-linux/bin/../lib/gcc/avr/8.2.0/avr5/libgcc.a(_clear_bss.o)
 .text.libgcc.fixed
                0x00000000000002a6        0x0 /home/sunbeam/D_day/AVR/softwares/avr-gcc-8.2.0-x64-linux/bin/../lib/gcc/avr/8.2.0/avr5/libgcc.a(_clear_bss.o)
 .text.avr-libc
                0x00000000000002a6       0x46 /home/sunbeam/D_day/AVR/softwares/avr-gcc-8.2.0-x64-linux/bin/../lib/gcc/avr/8.2.0/../../../../avr/lib/avr5/libc.a(sprintf.o)
                0x00000000000002a6                sprintf
 .text.avr-libc
                0x00000000000002ec      0x396 /home/sunbeam/D_day/AVR/softwares/avr-gcc-8.2.0-x64-linux/bin/../lib/gcc/avr/8.2.0/../../../../avr/lib/avr5/libc.a(vfprintf_std.o)
                0x00000000000002ec                vfprintf
 .text.avr-libc
                0x0000000000000682       0x16 /home/sunbeam/D_day/AVR/softwares/avr-gcc-8.2.0-x64-linux/bin/../lib/gcc/avr/8.2.0/../../../../avr/lib/avr5/libc.a(strnlen_P.o)
                0x0000000000000682                strnlen_P
 .text.avr-libc
                0x0000000000000698       0x16 /home/sunbeam/D_day/AVR/softwares/avr-gcc-8.2.0-x64-linux/bin/../lib/gcc/avr/8.2.0/../../../../avr/lib/avr5/libc.a(strnlen.o)
                0x0000000000000698                strnlen
 .text.avr-libc
                0x00000000000006ae       0x60 /home/sunbeam/D_day/AVR/softwares/avr-gcc-8.2.0-x64-linux/bin/../lib/gcc/avr/8.2.0/../../../../avr/lib/avr5/libc.a(fputc.o)
                0x00000000000006ae                fputc
 .text.avr-libc
                0x000000000000070e       0xbc /home/sunbeam/D_day/AVR/softwares/avr-gcc-8.2.0-x64-linux/bin/../lib/gcc/avr/8.2.0/../../../../avr/lib/avr5/libc.a(ultoa_invert.o)
                0x000000000000070e                __ultoa_invert
 .text.libgcc.mul
                0x00000000000007ca        0x0 /home/sunbeam/D_day/AVR/softwares/avr-gcc-8.2.0-x64-linux/bin/../lib/gcc/avr/8.2.0/avr5/libgcc.a(_prologue.o)
 .text.libgcc.div
                0x00000000000007ca        0x0 /home/sunbeam/D_day/AVR/softwares/avr-gcc-8.2.0-x64-linux/bin/../lib/gcc/avr/8.2.0/avr5/libgcc.a(_prologue.o)
 .text.libgcc   0x00000000000007ca        0x0 /home/sunbeam/D_day/AVR/softwares/avr-gcc-8.2.0-x64-linux/bin/../lib/gcc/avr/8.2.0/avr5/libgcc.a(_prologue.o)
 .text.libgcc.prologue
                0x00000000000007ca       0x38 /home/sunbeam/D_day/AVR/softwares/avr-gcc-8.2.0-x64-linux/bin/../lib/gcc/avr/8.2.0/avr5/libgcc.a(_prologue.o)
                0x00000000000007ca                __prologue_saves__
 .text.libgcc.builtins
                0x0000000000000802        0x0 /home/sunbeam/D_day/AVR/softwares/avr-gcc-8.2.0-x64-linux/bin/../lib/gcc/avr/8.2.0/avr5/libgcc.a(_prologue.o)
 .text.libgcc.fmul
                0x0000000000000802        0x0 /home/sunbeam/D_day/AVR/softwares/avr-gcc-8.2.0-x64-linux/bin/../lib/gcc/avr/8.2.0/avr5/libgcc.a(_prologue.o)
 .text.libgcc.fixed
                0x0000000000000802        0x0 /home/sunbeam/D_day/AVR/softwares/avr-gcc-8.2.0-x64-linux/bin/../lib/gcc/avr/8.2.0/avr5/libgcc.a(_prologue.o)
 .text.libgcc.mul
                0x0000000000000802        0x0 /home/sunbeam/D_day/AVR/softwares/avr-gcc-8.2.0-x64-linux/bin/../lib/gcc/avr/8.2.0/avr5/libgcc.a(_epilogue.o)
 .text.libgcc.div
                0x0000000000000802        0x0 /home/sunbeam/D_day/AVR/softwares/avr-gcc-8.2.0-x64-linux/bin/../lib/gcc/avr/8.2.0/avr5/libgcc.a(_epilogue.o)
 .text.libgcc   0x0000000000000802        0x0 /home/sunbeam/D_day/AVR/softwares/avr-gcc-8.2.0-x64-linux/bin/../lib/gcc/avr/8.2.0/avr5/libgcc.a(_epilogue.o)
 .text.libgcc.prologue
                0x0000000000000802       0x36 /home/sunbeam/D_day/AVR/softwares/avr-gcc-8.2.0-x64-linux/bin/../lib/gcc/avr/8.2.0/avr5/libgcc.a(_epilogue.o)
                0x0000000000000802                __epilogue_restores__
 .text.libgcc.builtins
                0x0000000000000838        0x0 /home/sunbeam/D_day/AVR/softwares/avr-gcc-8.2.0-x64-linux/bin/../lib/gcc/avr/8.2.0/avr5/libgcc.a(_epilogue.o)
 .text.libgcc.fmul
                0x0000000000000838        0x0 /home/sunbeam/D_day/AVR/softwares/avr-gcc-8.2.0-x64-linux/bin/../lib/gcc/avr/8.2.0/avr5/libgcc.a(_epilogue.o)
 .text.libgcc.fixed
                0x0000000000000838        0x0 /home/sunbeam/D_day/AVR/softwares/avr-gcc-8.2.0-x64-linux/bin/../lib/gcc/avr/8.2.0/avr5/libgcc.a(_epilogue.o)
                0x0000000000000838                . = ALIGN (0x2)
 *(.fini9)
 .fini9         0x0000000000000838        0x0 /home/sunbeam/D_day/AVR/softwares/avr-gcc-8.2.0-x64-linux/bin/../lib/gcc/avr/8.2.0/avr5/libgcc.a(_exit.o)
                0x0000000000000838                exit
                0x0000000000000838                _exit
 *(.fini9)
 *(.fini8)
 *(.fini8)
 *(.fini7)
 *(.fini7)
 *(.fini6)
 *(.fini6)
 *(.fini5)
 *(.fini5)
 *(.fini4)
 *(.fini4)
 *(.fini3)
 *(.fini3)
 *(.fini2)
 *(.fini2)
 *(.fini1)
 *(.fini1)
 *(.fini0)
 .fini0         0x0000000000000838        0x4 /home/sunbeam/D_day/AVR/softwares/avr-gcc-8.2.0-x64-linux/bin/../lib/gcc/avr/8.2.0/avr5/libgcc.a(_exit.o)
 *(.fini0)
 *(.hightext)
 *(.hightext*)
 *(.progmemx.*)
                0x000000000000083c                . = ALIGN (0x2)
 *(.jumptables)
 *(.jumptables*)
                0x000000000000083c                _etext = .

.data           0x0000000000800060       0x1e load address 0x000000000000083c
                0x0000000000800060                PROVIDE (__data_start = .)
 *(.data)
 .data          0x0000000000800060        0x0 /home/sunbeam/D_day/AVR/softwares/avr-gcc-8.2.0-x64-linux/bin/../lib/gcc/avr/8.2.0/../../../../avr/lib/avr5/crtatmega32.o
 .data          0x0000000000800060        0x0 main.o
 .data          0x0000000000800060        0x0 lcd.o
 .data          0x0000000000800060        0x0 adc_intr.o
 .data          0x0000000000800060        0x0 /home/sunbeam/D_day/AVR/softwares/avr-gcc-8.2.0-x64-linux/bin/../lib/gcc/avr/8.2.0/avr5/libgcc.a(_exit.o)
 .data          0x0000000000800060        0x0 /home/sunbeam/D_day/AVR/softwares/avr-gcc-8.2.0-x64-linux/bin/../lib/gcc/avr/8.2.0/avr5/libgcc.a(_copy_data.o)
 .data          0x0000000000800060        0x0 /home/sunbeam/D_day/AVR/softwares/avr-gcc-8.2.0-x64-linux/bin/../lib/gcc/avr/8.2.0/avr5/libgcc.a(_clear_bss.o)
 .data          0x0000000000800060        0x0 /home/sunbeam/D_day/AVR/softwares/avr-gcc-8.2.0-x64-linux/bin/../lib/gcc/avr/8.2.0/../../../../avr/lib/avr5/libc.a(sprintf.o)
 .data          0x0000000000800060        0x0 /home/sunbeam/D_day/AVR/softwares/avr-gcc-8.2.0-x64-linux/bin/../lib/gcc/avr/8.2.0/../../../../avr/lib/avr5/libc.a(vfprintf_std.o)
 .data          0x0000000000800060        0x0 /home/sunbeam/D_day/AVR/softwares/avr-gcc-8.2.0-x64-linux/bin/../lib/gcc/avr/8.2.0/../../../../avr/lib/avr5/libc.a(strnlen_P.o)
 .data          0x0000000000800060        0x0 /home/sunbeam/D_day/AVR/softwares/avr-gcc-8.2.0-x64-linux/bin/../lib/gcc/avr/8.2.0/../../../../avr/lib/avr5/libc.a(strnlen.o)
 .data          0x0000000000800060        0x0 /home/sunbeam/D_day/AVR/softwares/avr-gcc-8.2.0-x64-linux/bin/../lib/gcc/avr/8.2.0/../../../../avr/lib/avr5/libc.a(fputc.o)
 .data          0x0000000000800060        0x0 /home/sunbeam/D_day/AVR/softwares/avr-gcc-8.2.0-x64-linux/bin/../lib/gcc/avr/8.2.0/../../../../avr/lib/avr5/libc.a(ultoa_invert.o)
 .data          0x0000000000800060        0x0 /home/sunbeam/D_day/AVR/softwares/avr-gcc-8.2.0-x64-linux/bin/../lib/gcc/avr/8.2.0/avr5/libgcc.a(_prologue.o)
 .data          0x0000000000800060        0x0 /home/sunbeam/D_day/AVR/softwares/avr-gcc-8.2.0-x64-linux/bin/../lib/gcc/avr/8.2.0/avr5/libgcc.a(_epilogue.o)
 *(.data*)
 *(.gnu.linkonce.d*)
 *(.rodata)
 *(.rodata*)
 .rodata.str1.1
                0x0000000000800060       0x1e main.o
 *(.gnu.linkonce.r*)
                0x000000000080007e                . = ALIGN (0x2)
                0x000000000080007e                _edata = .
                0x000000000080007e                PROVIDE (__data_end = .)

.bss            0x000000000080007e        0x4
                0x000000000080007e                PROVIDE (__bss_start = .)
 *(.bss)
 .bss           0x000000000080007e        0x0 /home/sunbeam/D_day/AVR/softwares/avr-gcc-8.2.0-x64-linux/bin/../lib/gcc/avr/8.2.0/../../../../avr/lib/avr5/crtatmega32.o
 .bss           0x000000000080007e        0x0 main.o
 .bss           0x000000000080007e        0x0 lcd.o
 .bss           0x000000000080007e        0x4 adc_intr.o
                0x000000000080007e                adc_flag
                0x0000000000800080                adc_val
 .bss           0x0000000000800082        0x0 /home/sunbeam/D_day/AVR/softwares/avr-gcc-8.2.0-x64-linux/bin/../lib/gcc/avr/8.2.0/avr5/libgcc.a(_exit.o)
 .bss           0x0000000000800082        0x0 /home/sunbeam/D_day/AVR/softwares/avr-gcc-8.2.0-x64-linux/bin/../lib/gcc/avr/8.2.0/avr5/libgcc.a(_copy_data.o)
 .bss           0x0000000000800082        0x0 /home/sunbeam/D_day/AVR/softwares/avr-gcc-8.2.0-x64-linux/bin/../lib/gcc/avr/8.2.0/avr5/libgcc.a(_clear_bss.o)
 .bss           0x0000000000800082        0x0 /home/sunbeam/D_day/AVR/softwares/avr-gcc-8.2.0-x64-linux/bin/../lib/gcc/avr/8.2.0/../../../../avr/lib/avr5/libc.a(sprintf.o)
 .bss           0x0000000000800082        0x0 /home/sunbeam/D_day/AVR/softwares/avr-gcc-8.2.0-x64-linux/bin/../lib/gcc/avr/8.2.0/../../../../avr/lib/avr5/libc.a(vfprintf_std.o)
 .bss           0x0000000000800082        0x0 /home/sunbeam/D_day/AVR/softwares/avr-gcc-8.2.0-x64-linux/bin/../lib/gcc/avr/8.2.0/../../../../avr/lib/avr5/libc.a(strnlen_P.o)
 .bss           0x0000000000800082        0x0 /home/sunbeam/D_day/AVR/softwares/avr-gcc-8.2.0-x64-linux/bin/../lib/gcc/avr/8.2.0/../../../../avr/lib/avr5/libc.a(strnlen.o)
 .bss           0x0000000000800082        0x0 /home/sunbeam/D_day/AVR/softwares/avr-gcc-8.2.0-x64-linux/bin/../lib/gcc/avr/8.2.0/../../../../avr/lib/avr5/libc.a(fputc.o)
 .bss           0x0000000000800082        0x0 /home/sunbeam/D_day/AVR/softwares/avr-gcc-8.2.0-x64-linux/bin/../lib/gcc/avr/8.2.0/../../../../avr/lib/avr5/libc.a(ultoa_invert.o)
 .bss           0x0000000000800082        0x0 /home/sunbeam/D_day/AVR/softwares/avr-gcc-8.2.0-x64-linux/bin/../lib/gcc/avr/8.2.0/avr5/libgcc.a(_prologue.o)
 .bss           0x0000000000800082        0x0 /home/sunbeam/D_day/AVR/softwares/avr-gcc-8.2.0-x64-linux/bin/../lib/gcc/avr/8.2.0/avr5/libgcc.a(_epilogue.o)
 *(.bss*)
 *(COMMON)
                0x0000000000800082                PROVIDE (__bss_end = .)
                0x000000000000083c                __data_load_start = LOADADDR (.data)
                0x000000000000085a                __data_load_end = (__data_load_start + SIZEOF (.data))

.noinit         0x0000000000800082        0x0
                [!provide]                        PROVIDE (__noinit_start = .)
 *(.noinit*)
                [!provide]                        PROVIDE (__noinit_end = .)
                0x0000000000800082                _end = .
                [!provide]                        PROVIDE (__heap_start = .)

.eeprom         0x0000000000810000        0x0
 *(.eeprom*)
                0x0000000000810000                __eeprom_end = .

.fuse
 *(.fuse)
 *(.lfuse)
 *(.hfuse)
 *(.efuse)

.lock
 *(.lock*)

.signature
 *(.signature*)

.stab
 *(.stab)

.stabstr
 *(.stabstr)

.stab.excl
 *(.stab.excl)

.stab.exclstr
 *(.stab.exclstr)

.stab.index
 *(.stab.index)

.stab.indexstr
 *(.stab.indexstr)

.comment        0x0000000000000000       0x11
 *(.comment)
 .comment       0x0000000000000000       0x11 main.o
                                         0x12 (size before relaxing)
 .comment       0x0000000000000011       0x12 lcd.o
 .comment       0x0000000000000011       0x12 adc_intr.o
 .comment       0x0000000000000011       0x12 /home/sunbeam/D_day/AVR/softwares/avr-gcc-8.2.0-x64-linux/bin/../lib/gcc/avr/8.2.0/../../../../avr/lib/avr5/libc.a(sprintf.o)
 .comment       0x0000000000000011       0x12 /home/sunbeam/D_day/AVR/softwares/avr-gcc-8.2.0-x64-linux/bin/../lib/gcc/avr/8.2.0/../../../../avr/lib/avr5/libc.a(vfprintf_std.o)
 .comment       0x0000000000000011       0x12 /home/sunbeam/D_day/AVR/softwares/avr-gcc-8.2.0-x64-linux/bin/../lib/gcc/avr/8.2.0/../../../../avr/lib/avr5/libc.a(fputc.o)

.note.gnu.avr.deviceinfo
                0x0000000000000000       0x3c
 .note.gnu.avr.deviceinfo
                0x0000000000000000       0x3c /home/sunbeam/D_day/AVR/softwares/avr-gcc-8.2.0-x64-linux/bin/../lib/gcc/avr/8.2.0/../../../../avr/lib/avr5/crtatmega32.o

.note.gnu.build-id
 *(.note.gnu.build-id)

.debug
 *(.debug)

.line
 *(.line)

.debug_srcinfo
 *(.debug_srcinfo)

.debug_sfnames
 *(.debug_sfnames)

.debug_aranges  0x0000000000000000      0x100
 *(.debug_aranges)
 .debug_aranges
                0x0000000000000000       0x20 main.o
 .debug_aranges
                0x0000000000000020       0x20 lcd.o
 .debug_aranges
                0x0000000000000040       0x20 adc_intr.o
 .debug_aranges
                0x0000000000000060       0x20 /home/sunbeam/D_day/AVR/softwares/avr-gcc-8.2.0-x64-linux/bin/../lib/gcc/avr/8.2.0/avr5/libgcc.a(_exit.o)
 .debug_aranges
                0x0000000000000080       0x20 /home/sunbeam/D_day/AVR/softwares/avr-gcc-8.2.0-x64-linux/bin/../lib/gcc/avr/8.2.0/avr5/libgcc.a(_copy_data.o)
 .debug_aranges
                0x00000000000000a0       0x20 /home/sunbeam/D_day/AVR/softwares/avr-gcc-8.2.0-x64-linux/bin/../lib/gcc/avr/8.2.0/avr5/libgcc.a(_clear_bss.o)
 .debug_aranges
                0x00000000000000c0       0x20 /home/sunbeam/D_day/AVR/softwares/avr-gcc-8.2.0-x64-linux/bin/../lib/gcc/avr/8.2.0/avr5/libgcc.a(_prologue.o)
 .debug_aranges
                0x00000000000000e0       0x20 /home/sunbeam/D_day/AVR/softwares/avr-gcc-8.2.0-x64-linux/bin/../lib/gcc/avr/8.2.0/avr5/libgcc.a(_epilogue.o)

.debug_pubnames
 *(.debug_pubnames)

.debug_info     0x0000000000000000      0xeb8
 *(.debug_info .gnu.linkonce.wi.*)
 .debug_info    0x0000000000000000      0x4e6 /home/sunbeam/D_day/AVR/softwares/avr-gcc-8.2.0-x64-linux/bin/../lib/gcc/avr/8.2.0/../../../../avr/lib/avr5/crtatmega32.o
 .debug_info    0x00000000000004e6      0x36c main.o
 .debug_info    0x0000000000000852      0x455 lcd.o
 .debug_info    0x0000000000000ca7      0x153 adc_intr.o
 .debug_info    0x0000000000000dfa       0x26 /home/sunbeam/D_day/AVR/softwares/avr-gcc-8.2.0-x64-linux/bin/../lib/gcc/avr/8.2.0/avr5/libgcc.a(_exit.o)
 .debug_info    0x0000000000000e20       0x26 /home/sunbeam/D_day/AVR/softwares/avr-gcc-8.2.0-x64-linux/bin/../lib/gcc/avr/8.2.0/avr5/libgcc.a(_copy_data.o)
 .debug_info    0x0000000000000e46       0x26 /home/sunbeam/D_day/AVR/softwares/avr-gcc-8.2.0-x64-linux/bin/../lib/gcc/avr/8.2.0/avr5/libgcc.a(_clear_bss.o)
 .debug_info    0x0000000000000e6c       0x26 /home/sunbeam/D_day/AVR/softwares/avr-gcc-8.2.0-x64-linux/bin/../lib/gcc/avr/8.2.0/avr5/libgcc.a(_prologue.o)
 .debug_info    0x0000000000000e92       0x26 /home/sunbeam/D_day/AVR/softwares/avr-gcc-8.2.0-x64-linux/bin/../lib/gcc/avr/8.2.0/avr5/libgcc.a(_epilogue.o)

.debug_abbrev   0x0000000000000000      0xa02
 *(.debug_abbrev)
 .debug_abbrev  0x0000000000000000      0x4a3 /home/sunbeam/D_day/AVR/softwares/avr-gcc-8.2.0-x64-linux/bin/../lib/gcc/avr/8.2.0/../../../../avr/lib/avr5/crtatmega32.o
 .debug_abbrev  0x00000000000004a3      0x239 main.o
 .debug_abbrev  0x00000000000006dc      0x1c9 lcd.o
 .debug_abbrev  0x00000000000008a5       0xf9 adc_intr.o
 .debug_abbrev  0x000000000000099e       0x14 /home/sunbeam/D_day/AVR/softwares/avr-gcc-8.2.0-x64-linux/bin/../lib/gcc/avr/8.2.0/avr5/libgcc.a(_exit.o)
 .debug_abbrev  0x00000000000009b2       0x14 /home/sunbeam/D_day/AVR/softwares/avr-gcc-8.2.0-x64-linux/bin/../lib/gcc/avr/8.2.0/avr5/libgcc.a(_copy_data.o)
 .debug_abbrev  0x00000000000009c6       0x14 /home/sunbeam/D_day/AVR/softwares/avr-gcc-8.2.0-x64-linux/bin/../lib/gcc/avr/8.2.0/avr5/libgcc.a(_clear_bss.o)
 .debug_abbrev  0x00000000000009da       0x14 /home/sunbeam/D_day/AVR/softwares/avr-gcc-8.2.0-x64-linux/bin/../lib/gcc/avr/8.2.0/avr5/libgcc.a(_prologue.o)
 .debug_abbrev  0x00000000000009ee       0x14 /home/sunbeam/D_day/AVR/softwares/avr-gcc-8.2.0-x64-linux/bin/../lib/gcc/avr/8.2.0/avr5/libgcc.a(_epilogue.o)

.debug_line     0x0000000000000000      0xb9c
 *(.debug_line .debug_line.* .debug_line_end)
 .debug_line    0x0000000000000000       0x1d /home/sunbeam/D_day/AVR/softwares/avr-gcc-8.2.0-x64-linux/bin/../lib/gcc/avr/8.2.0/../../../../avr/lib/avr5/crtatmega32.o
 .debug_line    0x000000000000001d      0x229 main.o
 .debug_line    0x0000000000000246      0x463 lcd.o
 .debug_line    0x00000000000006a9      0x182 adc_intr.o
 .debug_line    0x000000000000082b       0x61 /home/sunbeam/D_day/AVR/softwares/avr-gcc-8.2.0-x64-linux/bin/../lib/gcc/avr/8.2.0/avr5/libgcc.a(_exit.o)
 .debug_line    0x000000000000088c       0x97 /home/sunbeam/D_day/AVR/softwares/avr-gcc-8.2.0-x64-linux/bin/../lib/gcc/avr/8.2.0/avr5/libgcc.a(_copy_data.o)
 .debug_line    0x0000000000000923       0x85 /home/sunbeam/D_day/AVR/softwares/avr-gcc-8.2.0-x64-linux/bin/../lib/gcc/avr/8.2.0/avr5/libgcc.a(_clear_bss.o)
 .debug_line    0x00000000000009a8       0xfd /home/sunbeam/D_day/AVR/softwares/avr-gcc-8.2.0-x64-linux/bin/../lib/gcc/avr/8.2.0/avr5/libgcc.a(_prologue.o)
 .debug_line    0x0000000000000aa5       0xf7 /home/sunbeam/D_day/AVR/softwares/avr-gcc-8.2.0-x64-linux/bin/../lib/gcc/avr/8.2.0/avr5/libgcc.a(_epilogue.o)

.debug_frame    0x0000000000000000      0x110
 *(.debug_frame)
 .debug_frame   0x0000000000000000       0x2c main.o
 .debug_frame   0x000000000000002c       0x98 lcd.o
 .debug_frame   0x00000000000000c4       0x4c adc_intr.o

.debug_str      0x0000000000000000      0x419
 *(.debug_str)
 .debug_str     0x0000000000000000      0x196 /home/sunbeam/D_day/AVR/softwares/avr-gcc-8.2.0-x64-linux/bin/../lib/gcc/avr/8.2.0/../../../../avr/lib/avr5/crtatmega32.o
 .debug_str     0x0000000000000196      0x1c6 main.o
                                        0x207 (size before relaxing)
 .debug_str     0x000000000000035c       0x3d lcd.o
                                        0x1d9 (size before relaxing)
 .debug_str     0x0000000000000399       0x20 adc_intr.o
                                        0x178 (size before relaxing)
 .debug_str     0x00000000000003b9       0x60 /home/sunbeam/D_day/AVR/softwares/avr-gcc-8.2.0-x64-linux/bin/../lib/gcc/avr/8.2.0/avr5/libgcc.a(_exit.o)
 .debug_str     0x0000000000000419       0x60 /home/sunbeam/D_day/AVR/softwares/avr-gcc-8.2.0-x64-linux/bin/../lib/gcc/avr/8.2.0/avr5/libgcc.a(_copy_data.o)
 .debug_str     0x0000000000000419       0x60 /home/sunbeam/D_day/AVR/softwares/avr-gcc-8.2.0-x64-linux/bin/../lib/gcc/avr/8.2.0/avr5/libgcc.a(_clear_bss.o)
 .debug_str     0x0000000000000419       0x60 /home/sunbeam/D_day/AVR/softwares/avr-gcc-8.2.0-x64-linux/bin/../lib/gcc/avr/8.2.0/avr5/libgcc.a(_prologue.o)
 .debug_str     0x0000000000000419       0x60 /home/sunbeam/D_day/AVR/softwares/avr-gcc-8.2.0-x64-linux/bin/../lib/gcc/avr/8.2.0/avr5/libgcc.a(_epilogue.o)

.debug_loc      0x0000000000000000      0x5f0
 *(.debug_loc)
 .debug_loc     0x0000000000000000       0xe8 main.o
 .debug_loc     0x00000000000000e8      0x4b2 lcd.o
 .debug_loc     0x000000000000059a       0x56 adc_intr.o

.debug_macinfo
 *(.debug_macinfo)

.debug_weaknames
 *(.debug_weaknames)

.debug_funcnames
 *(.debug_funcnames)

.debug_typenames
 *(.debug_typenames)

.debug_varnames
 *(.debug_varnames)

.debug_pubtypes
 *(.debug_pubtypes)

.debug_ranges   0x0000000000000000       0x10
 *(.debug_ranges)
 .debug_ranges  0x0000000000000000       0x10 main.o

.debug_macro
 *(.debug_macro)

.debug_addr
 *(.debug_addr)
OUTPUT(main.elf elf32-avr)
LOAD linker stubs

Cross Reference Table

Symbol                                            File
__bad_interrupt                                   /home/sunbeam/D_day/AVR/softwares/avr-gcc-8.2.0-x64-linux/bin/../lib/gcc/avr/8.2.0/../../../../avr/lib/avr5/crtatmega32.o
__bss_end                                         /home/sunbeam/D_day/AVR/softwares/avr-gcc-8.2.0-x64-linux/bin/../lib/gcc/avr/8.2.0/avr5/libgcc.a(_clear_bss.o)
__bss_start                                       /home/sunbeam/D_day/AVR/softwares/avr-gcc-8.2.0-x64-linux/bin/../lib/gcc/avr/8.2.0/avr5/libgcc.a(_clear_bss.o)
__data_end                                        /home/sunbeam/D_day/AVR/softwares/avr-gcc-8.2.0-x64-linux/bin/../lib/gcc/avr/8.2.0/avr5/libgcc.a(_copy_data.o)
__data_load_start                                 /home/sunbeam/D_day/AVR/softwares/avr-gcc-8.2.0-x64-linux/bin/../lib/gcc/avr/8.2.0/avr5/libgcc.a(_copy_data.o)
__data_start                                      /home/sunbeam/D_day/AVR/softwares/avr-gcc-8.2.0-x64-linux/bin/../lib/gcc/avr/8.2.0/avr5/libgcc.a(_copy_data.o)
__do_clear_bss                                    /home/sunbeam/D_day/AVR/softwares/avr-gcc-8.2.0-x64-linux/bin/../lib/gcc/avr/8.2.0/avr5/libgcc.a(_clear_bss.o)
                                                  adc_intr.o
__do_copy_data                                    /home/sunbeam/D_day/AVR/softwares/avr-gcc-8.2.0-x64-linux/bin/../lib/gcc/avr/8.2.0/avr5/libgcc.a(_copy_data.o)
                                                  main.o
__epilogue_restores__                             /home/sunbeam/D_day/AVR/softwares/avr-gcc-8.2.0-x64-linux/bin/../lib/gcc/avr/8.2.0/avr5/libgcc.a(_epilogue.o)
                                                  /home/sunbeam/D_day/AVR/softwares/avr-gcc-8.2.0-x64-linux/bin/../lib/gcc/avr/8.2.0/../../../../avr/lib/avr5/libc.a(vfprintf_std.o)
                                                  /home/sunbeam/D_day/AVR/softwares/avr-gcc-8.2.0-x64-linux/bin/../lib/gcc/avr/8.2.0/../../../../avr/lib/avr5/libc.a(sprintf.o)
__heap_end                                        /home/sunbeam/D_day/AVR/softwares/avr-gcc-8.2.0-x64-linux/bin/../lib/gcc/avr/8.2.0/../../../../avr/lib/avr5/crtatmega32.o
__init                                            /home/sunbeam/D_day/AVR/softwares/avr-gcc-8.2.0-x64-linux/bin/../lib/gcc/avr/8.2.0/../../../../avr/lib/avr5/crtatmega32.o
__prologue_saves__                                /home/sunbeam/D_day/AVR/softwares/avr-gcc-8.2.0-x64-linux/bin/../lib/gcc/avr/8.2.0/avr5/libgcc.a(_prologue.o)
                                                  /home/sunbeam/D_day/AVR/softwares/avr-gcc-8.2.0-x64-linux/bin/../lib/gcc/avr/8.2.0/../../../../avr/lib/avr5/libc.a(vfprintf_std.o)
                                                  /home/sunbeam/D_day/AVR/softwares/avr-gcc-8.2.0-x64-linux/bin/../lib/gcc/avr/8.2.0/../../../../avr/lib/avr5/libc.a(sprintf.o)
__stack                                           /home/sunbeam/D_day/AVR/softwares/avr-gcc-8.2.0-x64-linux/bin/../lib/gcc/avr/8.2.0/../../../../avr/lib/avr5/crtatmega32.o
__ultoa_invert                                    /home/sunbeam/D_day/AVR/softwares/avr-gcc-8.2.0-x64-linux/bin/../lib/gcc/avr/8.2.0/../../../../avr/lib/avr5/libc.a(ultoa_invert.o)
                                                  /home/sunbeam/D_day/AVR/softwares/avr-gcc-8.2.0-x64-linux/bin/../lib/gcc/avr/8.2.0/../../../../avr/lib/avr5/libc.a(vfprintf_std.o)
__vector_1                                        /home/sunbeam/D_day/AVR/softwares/avr-gcc-8.2.0-x64-linux/bin/../lib/gcc/avr/8.2.0/../../../../avr/lib/avr5/crtatmega32.o
__vector_10                                       /home/sunbeam/D_day/AVR/softwares/avr-gcc-8.2.0-x64-linux/bin/../lib/gcc/avr/8.2.0/../../../../avr/lib/avr5/crtatmega32.o
__vector_11                                       /home/sunbeam/D_day/AVR/softwares/avr-gcc-8.2.0-x64-linux/bin/../lib/gcc/avr/8.2.0/../../../../avr/lib/avr5/crtatmega32.o
__vector_12                                       /home/sunbeam/D_day/AVR/softwares/avr-gcc-8.2.0-x64-linux/bin/../lib/gcc/avr/8.2.0/../../../../avr/lib/avr5/crtatmega32.o
__vector_13                                       /home/sunbeam/D_day/AVR/softwares/avr-gcc-8.2.0-x64-linux/bin/../lib/gcc/avr/8.2.0/../../../../avr/lib/avr5/crtatmega32.o
__vector_14                                       /home/sunbeam/D_day/AVR/softwares/avr-gcc-8.2.0-x64-linux/bin/../lib/gcc/avr/8.2.0/../../../../avr/lib/avr5/crtatmega32.o
__vector_15                                       /home/sunbeam/D_day/AVR/softwares/avr-gcc-8.2.0-x64-linux/bin/../lib/gcc/avr/8.2.0/../../../../avr/lib/avr5/crtatmega32.o
__vector_16                                       adc_intr.o
                                                  /home/sunbeam/D_day/AVR/softwares/avr-gcc-8.2.0-x64-linux/bin/../lib/gcc/avr/8.2.0/../../../../avr/lib/avr5/crtatmega32.o
__vector_17                                       /home/sunbeam/D_day/AVR/softwares/avr-gcc-8.2.0-x64-linux/bin/../lib/gcc/avr/8.2.0/../../../../avr/lib/avr5/crtatmega32.o
__vector_18                                       /home/sunbeam/D_day/AVR/softwares/avr-gcc-8.2.0-x64-linux/bin/../lib/gcc/avr/8.2.0/../../../../avr/lib/avr5/crtatmega32.o
__vector_19                                       /home/sunbeam/D_day/AVR/softwares/avr-gcc-8.2.0-x64-linux/bin/../lib/gcc/avr/8.2.0/../../../../avr/lib/avr5/crtatmega32.o
__vector_2                                        /home/sunbeam/D_day/AVR/softwares/avr-gcc-8.2.0-x64-linux/bin/../lib/gcc/avr/8.2.0/../../../../avr/lib/avr5/crtatmega32.o
__vector_20                                       /home/sunbeam/D_day/AVR/softwares/avr-gcc-8.2.0-x64-linux/bin/../lib/gcc/avr/8.2.0/../../../../avr/lib/avr5/crtatmega32.o
__vector_3                                        /home/sunbeam/D_day/AVR/softwares/avr-gcc-8.2.0-x64-linux/bin/../lib/gcc/avr/8.2.0/../../../../avr/lib/avr5/crtatmega32.o
__vector_4                                        /home/sunbeam/D_day/AVR/softwares/avr-gcc-8.2.0-x64-linux/bin/../lib/gcc/avr/8.2.0/../../../../avr/lib/avr5/crtatmega32.o
__vector_5                                        /home/sunbeam/D_day/AVR/softwares/avr-gcc-8.2.0-x64-linux/bin/../lib/gcc/avr/8.2.0/../../../../avr/lib/avr5/crtatmega32.o
__vector_6                                        /home/sunbeam/D_day/AVR/softwares/avr-gcc-8.2.0-x64-linux/bin/../lib/gcc/avr/8.2.0/../../../../avr/lib/avr5/crtatmega32.o
__vector_7                                        /home/sunbeam/D_day/AVR/softwares/avr-gcc-8.2.0-x64-linux/bin/../lib/gcc/avr/8.2.0/../../../../avr/lib/avr5/crtatmega32.o
__vector_8                                        /home/sunbeam/D_day/AVR/softwares/avr-gcc-8.2.0-x64-linux/bin/../lib/gcc/avr/8.2.0/../../../../avr/lib/avr5/crtatmega32.o
__vector_9                                        /home/sunbeam/D_day/AVR/softwares/avr-gcc-8.2.0-x64-linux/bin/../lib/gcc/avr/8.2.0/../../../../avr/lib/avr5/crtatmega32.o
__vector_default                                  /home/sunbeam/D_day/AVR/softwares/avr-gcc-8.2.0-x64-linux/bin/../lib/gcc/avr/8.2.0/../../../../avr/lib/avr5/crtatmega32.o
__vectors                                         /home/sunbeam/D_day/AVR/softwares/avr-gcc-8.2.0-x64-linux/bin/../lib/gcc/avr/8.2.0/../../../../avr/lib/avr5/crtatmega32.o
_exit                                             /home/sunbeam/D_day/AVR/softwares/avr-gcc-8.2.0-x64-linux/bin/../lib/gcc/avr/8.2.0/avr5/libgcc.a(_exit.o)
adc_flag                                          adc_intr.o
                                                  main.o
adc_init                                          adc_intr.o
                                                  main.o
adc_read                                          adc_intr.o
adc_val                                           adc_intr.o
                                                  main.o
exit                                              /home/sunbeam/D_day/AVR/softwares/avr-gcc-8.2.0-x64-linux/bin/../lib/gcc/avr/8.2.0/avr5/libgcc.a(_exit.o)
                                                  /home/sunbeam/D_day/AVR/softwares/avr-gcc-8.2.0-x64-linux/bin/../lib/gcc/avr/8.2.0/../../../../avr/lib/avr5/crtatmega32.o
fputc                                             /home/sunbeam/D_day/AVR/softwares/avr-gcc-8.2.0-x64-linux/bin/../lib/gcc/avr/8.2.0/../../../../avr/lib/avr5/libc.a(fputc.o)
                                                  /home/sunbeam/D_day/AVR/softwares/avr-gcc-8.2.0-x64-linux/bin/../lib/gcc/avr/8.2.0/../../../../avr/lib/avr5/libc.a(vfprintf_std.o)
lcd_gotoxy                                        lcd.o
lcd_init                                          lcd.o
                                                  main.o
lcd_putchar                                       lcd.o
lcd_putstring                                     lcd.o
                                                  main.o
lcd_write                                         lcd.o
lcd_write_nibble                                  lcd.o
main                                              main.o
                                                  /home/sunbeam/D_day/AVR/softwares/avr-gcc-8.2.0-x64-linux/bin/../lib/gcc/avr/8.2.0/../../../../avr/lib/avr5/crtatmega32.o
sprintf                                           /home/sunbeam/D_day/AVR/softwares/avr-gcc-8.2.0-x64-linux/bin/../lib/gcc/avr/8.2.0/../../../../avr/lib/avr5/libc.a(sprintf.o)
                                                  main.o
strnlen                                           /home/sunbeam/D_day/AVR/softwares/avr-gcc-8.2.0-x64-linux/bin/../lib/gcc/avr/8.2.0/../../../../avr/lib/avr5/libc.a(strnlen.o)
                                                  /home/sunbeam/D_day/AVR/softwares/avr-gcc-8.2.0-x64-linux/bin/../lib/gcc/avr/8.2.0/../../../../avr/lib/avr5/libc.a(vfprintf_std.o)
strnlen_P                                         /home/sunbeam/D_day/AVR/softwares/avr-gcc-8.2.0-x64-linux/bin/../lib/gcc/avr/8.2.0/../../../../avr/lib/avr5/libc.a(strnlen_P.o)
                                                  /home/sunbeam/D_day/AVR/softwares/avr-gcc-8.2.0-x64-linux/bin/../lib/gcc/avr/8.2.0/../../../../avr/lib/avr5/libc.a(vfprintf_std.o)
vfprintf                                          /home/sunbeam/D_day/AVR/softwares/avr-gcc-8.2.0-x64-linux/bin/../lib/gcc/avr/8.2.0/../../../../avr/lib/avr5/libc.a(vfprintf_std.o)
                                                  /home/sunbeam/D_day/AVR/softwares/avr-gcc-8.2.0-x64-linux/bin/../lib/gcc/avr/8.2.0/../../../../avr/lib/avr5/libc.a(sprintf.o)
