Archive member included to satisfy reference by file (symbol)

/home/sunbeam/ARM/Toolchain/gcc-arm-none-eabi-5_4-2016q2/arm-none-eabi/lib/armv7-m/libc.a(lib_a-exit.o)
                              /home/sunbeam/ARM/Toolchain/gcc-arm-none-eabi-5_4-2016q2/bin/../lib/gcc/arm-none-eabi/5.4.1/../../../../arm-none-eabi/lib/armv7-m/crt0.o (exit)
/home/sunbeam/ARM/Toolchain/gcc-arm-none-eabi-5_4-2016q2/arm-none-eabi/lib/armv7-m/libc.a(lib_a-impure.o)
                              /home/sunbeam/ARM/Toolchain/gcc-arm-none-eabi-5_4-2016q2/arm-none-eabi/lib/armv7-m/libc.a(lib_a-exit.o) (_global_impure_ptr)
/home/sunbeam/ARM/Toolchain/gcc-arm-none-eabi-5_4-2016q2/arm-none-eabi/lib/armv7-m/libc.a(lib_a-init.o)
                              /home/sunbeam/ARM/Toolchain/gcc-arm-none-eabi-5_4-2016q2/bin/../lib/gcc/arm-none-eabi/5.4.1/../../../../arm-none-eabi/lib/armv7-m/crt0.o (__libc_init_array)
/home/sunbeam/ARM/Toolchain/gcc-arm-none-eabi-5_4-2016q2/arm-none-eabi/lib/armv7-m/libc.a(lib_a-memset.o)
                              /home/sunbeam/ARM/Toolchain/gcc-arm-none-eabi-5_4-2016q2/bin/../lib/gcc/arm-none-eabi/5.4.1/../../../../arm-none-eabi/lib/armv7-m/crt0.o (memset)
/home/sunbeam/ARM/Toolchain/gcc-arm-none-eabi-5_4-2016q2/arm-none-eabi/lib/armv7-m/libc.a(lib_a-__call_atexit.o)
                              /home/sunbeam/ARM/Toolchain/gcc-arm-none-eabi-5_4-2016q2/arm-none-eabi/lib/armv7-m/libc.a(lib_a-exit.o) (__call_exitprocs)
/home/sunbeam/ARM/Toolchain/gcc-arm-none-eabi-5_4-2016q2/arm-none-eabi/lib/armv7-m/libc.a(lib_a-atexit.o)
                              /home/sunbeam/ARM/Toolchain/gcc-arm-none-eabi-5_4-2016q2/arm-none-eabi/lib/armv7-m/libc.a(lib_a-__call_atexit.o) (atexit)
/home/sunbeam/ARM/Toolchain/gcc-arm-none-eabi-5_4-2016q2/arm-none-eabi/lib/armv7-m/libc.a(lib_a-fini.o)
                              /home/sunbeam/ARM/Toolchain/gcc-arm-none-eabi-5_4-2016q2/arm-none-eabi/lib/armv7-m/libc.a(lib_a-__call_atexit.o) (__libc_fini_array)
/home/sunbeam/ARM/Toolchain/gcc-arm-none-eabi-5_4-2016q2/arm-none-eabi/lib/armv7-m/libc.a(lib_a-__atexit.o)
                              /home/sunbeam/ARM/Toolchain/gcc-arm-none-eabi-5_4-2016q2/arm-none-eabi/lib/armv7-m/libc.a(lib_a-atexit.o) (__register_exitproc)
/home/sunbeam/ARM/Toolchain/gcc-arm-none-eabi-5_4-2016q2/bin/../lib/gcc/arm-none-eabi/5.4.1/armv7-m/libgcc.a(_aeabi_uldivmod.o)
                              system_LPC17xx.o (__aeabi_uldivmod)
/home/sunbeam/ARM/Toolchain/gcc-arm-none-eabi-5_4-2016q2/bin/../lib/gcc/arm-none-eabi/5.4.1/armv7-m/libgcc.a(_udivmoddi4.o)
                              /home/sunbeam/ARM/Toolchain/gcc-arm-none-eabi-5_4-2016q2/bin/../lib/gcc/arm-none-eabi/5.4.1/armv7-m/libgcc.a(_aeabi_uldivmod.o) (__udivmoddi4)
/home/sunbeam/ARM/Toolchain/gcc-arm-none-eabi-5_4-2016q2/bin/../lib/gcc/arm-none-eabi/5.4.1/armv7-m/libgcc.a(_dvmd_tls.o)
                              /home/sunbeam/ARM/Toolchain/gcc-arm-none-eabi-5_4-2016q2/bin/../lib/gcc/arm-none-eabi/5.4.1/armv7-m/libgcc.a(_aeabi_uldivmod.o) (__aeabi_ldiv0)

Discarded input sections

 .text          0x00000000        0x0 /home/sunbeam/ARM/Toolchain/gcc-arm-none-eabi-5_4-2016q2/bin/../lib/gcc/arm-none-eabi/5.4.1/armv7-m/crti.o
 .data          0x00000000        0x0 /home/sunbeam/ARM/Toolchain/gcc-arm-none-eabi-5_4-2016q2/bin/../lib/gcc/arm-none-eabi/5.4.1/armv7-m/crti.o
 .bss           0x00000000        0x0 /home/sunbeam/ARM/Toolchain/gcc-arm-none-eabi-5_4-2016q2/bin/../lib/gcc/arm-none-eabi/5.4.1/armv7-m/crti.o
 .data          0x00000000        0x4 /home/sunbeam/ARM/Toolchain/gcc-arm-none-eabi-5_4-2016q2/bin/../lib/gcc/arm-none-eabi/5.4.1/armv7-m/crtbegin.o
 .text          0x00000000       0x74 /home/sunbeam/ARM/Toolchain/gcc-arm-none-eabi-5_4-2016q2/bin/../lib/gcc/arm-none-eabi/5.4.1/../../../../arm-none-eabi/lib/armv7-m/crt0.o
 .data          0x00000000        0x0 /home/sunbeam/ARM/Toolchain/gcc-arm-none-eabi-5_4-2016q2/bin/../lib/gcc/arm-none-eabi/5.4.1/../../../../arm-none-eabi/lib/armv7-m/crt0.o
 .bss           0x00000000        0x0 /home/sunbeam/ARM/Toolchain/gcc-arm-none-eabi-5_4-2016q2/bin/../lib/gcc/arm-none-eabi/5.4.1/../../../../arm-none-eabi/lib/armv7-m/crt0.o
 .ARM.extab     0x00000000        0x0 /home/sunbeam/ARM/Toolchain/gcc-arm-none-eabi-5_4-2016q2/bin/../lib/gcc/arm-none-eabi/5.4.1/../../../../arm-none-eabi/lib/armv7-m/crt0.o
 .ARM.exidx     0x00000000        0x8 /home/sunbeam/ARM/Toolchain/gcc-arm-none-eabi-5_4-2016q2/bin/../lib/gcc/arm-none-eabi/5.4.1/../../../../arm-none-eabi/lib/armv7-m/crt0.o
 .ARM.attributes
                0x00000000       0x1b /home/sunbeam/ARM/Toolchain/gcc-arm-none-eabi-5_4-2016q2/bin/../lib/gcc/arm-none-eabi/5.4.1/../../../../arm-none-eabi/lib/armv7-m/crt0.o
 .text          0x00000000        0x0 main.o
 .data          0x00000000        0x0 main.o
 .bss           0x00000000        0x0 main.o
 .text          0x00000000        0x0 startup_LPC17xx.o
 .data          0x00000000        0x0 startup_LPC17xx.o
 .bss           0x00000000        0x0 startup_LPC17xx.o
 .text          0x00000000        0x0 system_LPC17xx.o
 .data          0x00000000        0x0 system_LPC17xx.o
 .bss           0x00000000        0x0 system_LPC17xx.o
 .text.SystemCoreClockUpdate
                0x00000000      0x284 system_LPC17xx.o
 .text._exit    0x00000000        0xc system_LPC17xx.o
 .text          0x00000000        0x0 lcd.o
 .data          0x00000000        0x0 lcd.o
 .bss           0x00000000        0x0 lcd.o
 .text          0x00000000        0x0 uart.o
 .data          0x00000000        0x0 uart.o
 .bss           0x00000000        0x0 uart.o
 .text          0x00000000        0x0 /home/sunbeam/ARM/Toolchain/gcc-arm-none-eabi-5_4-2016q2/arm-none-eabi/lib/armv7-m/libc.a(lib_a-exit.o)
 .data          0x00000000        0x0 /home/sunbeam/ARM/Toolchain/gcc-arm-none-eabi-5_4-2016q2/arm-none-eabi/lib/armv7-m/libc.a(lib_a-exit.o)
 .bss           0x00000000        0x0 /home/sunbeam/ARM/Toolchain/gcc-arm-none-eabi-5_4-2016q2/arm-none-eabi/lib/armv7-m/libc.a(lib_a-exit.o)
 .text.exit     0x00000000       0x20 /home/sunbeam/ARM/Toolchain/gcc-arm-none-eabi-5_4-2016q2/arm-none-eabi/lib/armv7-m/libc.a(lib_a-exit.o)
 .debug_frame   0x00000000       0x28 /home/sunbeam/ARM/Toolchain/gcc-arm-none-eabi-5_4-2016q2/arm-none-eabi/lib/armv7-m/libc.a(lib_a-exit.o)
 .ARM.attributes
                0x00000000       0x2d /home/sunbeam/ARM/Toolchain/gcc-arm-none-eabi-5_4-2016q2/arm-none-eabi/lib/armv7-m/libc.a(lib_a-exit.o)
 .text          0x00000000        0x0 /home/sunbeam/ARM/Toolchain/gcc-arm-none-eabi-5_4-2016q2/arm-none-eabi/lib/armv7-m/libc.a(lib_a-impure.o)
 .data          0x00000000        0x0 /home/sunbeam/ARM/Toolchain/gcc-arm-none-eabi-5_4-2016q2/arm-none-eabi/lib/armv7-m/libc.a(lib_a-impure.o)
 .bss           0x00000000        0x0 /home/sunbeam/ARM/Toolchain/gcc-arm-none-eabi-5_4-2016q2/arm-none-eabi/lib/armv7-m/libc.a(lib_a-impure.o)
 .data._impure_ptr
                0x00000000        0x4 /home/sunbeam/ARM/Toolchain/gcc-arm-none-eabi-5_4-2016q2/arm-none-eabi/lib/armv7-m/libc.a(lib_a-impure.o)
 .text          0x00000000        0x0 /home/sunbeam/ARM/Toolchain/gcc-arm-none-eabi-5_4-2016q2/arm-none-eabi/lib/armv7-m/libc.a(lib_a-init.o)
 .data          0x00000000        0x0 /home/sunbeam/ARM/Toolchain/gcc-arm-none-eabi-5_4-2016q2/arm-none-eabi/lib/armv7-m/libc.a(lib_a-init.o)
 .bss           0x00000000        0x0 /home/sunbeam/ARM/Toolchain/gcc-arm-none-eabi-5_4-2016q2/arm-none-eabi/lib/armv7-m/libc.a(lib_a-init.o)
 .text.__libc_init_array
                0x00000000       0x50 /home/sunbeam/ARM/Toolchain/gcc-arm-none-eabi-5_4-2016q2/arm-none-eabi/lib/armv7-m/libc.a(lib_a-init.o)
 .debug_frame   0x00000000       0x2c /home/sunbeam/ARM/Toolchain/gcc-arm-none-eabi-5_4-2016q2/arm-none-eabi/lib/armv7-m/libc.a(lib_a-init.o)
 .ARM.attributes
                0x00000000       0x2d /home/sunbeam/ARM/Toolchain/gcc-arm-none-eabi-5_4-2016q2/arm-none-eabi/lib/armv7-m/libc.a(lib_a-init.o)
 .text          0x00000000        0x0 /home/sunbeam/ARM/Toolchain/gcc-arm-none-eabi-5_4-2016q2/arm-none-eabi/lib/armv7-m/libc.a(lib_a-memset.o)
 .data          0x00000000        0x0 /home/sunbeam/ARM/Toolchain/gcc-arm-none-eabi-5_4-2016q2/arm-none-eabi/lib/armv7-m/libc.a(lib_a-memset.o)
 .bss           0x00000000        0x0 /home/sunbeam/ARM/Toolchain/gcc-arm-none-eabi-5_4-2016q2/arm-none-eabi/lib/armv7-m/libc.a(lib_a-memset.o)
 .text.memset   0x00000000       0x9c /home/sunbeam/ARM/Toolchain/gcc-arm-none-eabi-5_4-2016q2/arm-none-eabi/lib/armv7-m/libc.a(lib_a-memset.o)
 .debug_frame   0x00000000       0x34 /home/sunbeam/ARM/Toolchain/gcc-arm-none-eabi-5_4-2016q2/arm-none-eabi/lib/armv7-m/libc.a(lib_a-memset.o)
 .ARM.attributes
                0x00000000       0x2d /home/sunbeam/ARM/Toolchain/gcc-arm-none-eabi-5_4-2016q2/arm-none-eabi/lib/armv7-m/libc.a(lib_a-memset.o)
 .text          0x00000000        0x0 /home/sunbeam/ARM/Toolchain/gcc-arm-none-eabi-5_4-2016q2/arm-none-eabi/lib/armv7-m/libc.a(lib_a-__call_atexit.o)
 .data          0x00000000        0x0 /home/sunbeam/ARM/Toolchain/gcc-arm-none-eabi-5_4-2016q2/arm-none-eabi/lib/armv7-m/libc.a(lib_a-__call_atexit.o)
 .bss           0x00000000        0x0 /home/sunbeam/ARM/Toolchain/gcc-arm-none-eabi-5_4-2016q2/arm-none-eabi/lib/armv7-m/libc.a(lib_a-__call_atexit.o)
 .text.__call_exitprocs
                0x00000000       0xd8 /home/sunbeam/ARM/Toolchain/gcc-arm-none-eabi-5_4-2016q2/arm-none-eabi/lib/armv7-m/libc.a(lib_a-__call_atexit.o)
 .text          0x00000000        0x0 /home/sunbeam/ARM/Toolchain/gcc-arm-none-eabi-5_4-2016q2/arm-none-eabi/lib/armv7-m/libc.a(lib_a-atexit.o)
 .data          0x00000000        0x0 /home/sunbeam/ARM/Toolchain/gcc-arm-none-eabi-5_4-2016q2/arm-none-eabi/lib/armv7-m/libc.a(lib_a-atexit.o)
 .bss           0x00000000        0x0 /home/sunbeam/ARM/Toolchain/gcc-arm-none-eabi-5_4-2016q2/arm-none-eabi/lib/armv7-m/libc.a(lib_a-atexit.o)
 .text          0x00000000        0x0 /home/sunbeam/ARM/Toolchain/gcc-arm-none-eabi-5_4-2016q2/arm-none-eabi/lib/armv7-m/libc.a(lib_a-fini.o)
 .data          0x00000000        0x0 /home/sunbeam/ARM/Toolchain/gcc-arm-none-eabi-5_4-2016q2/arm-none-eabi/lib/armv7-m/libc.a(lib_a-fini.o)
 .bss           0x00000000        0x0 /home/sunbeam/ARM/Toolchain/gcc-arm-none-eabi-5_4-2016q2/arm-none-eabi/lib/armv7-m/libc.a(lib_a-fini.o)
 .text          0x00000000        0x0 /home/sunbeam/ARM/Toolchain/gcc-arm-none-eabi-5_4-2016q2/arm-none-eabi/lib/armv7-m/libc.a(lib_a-__atexit.o)
 .data          0x00000000        0x0 /home/sunbeam/ARM/Toolchain/gcc-arm-none-eabi-5_4-2016q2/arm-none-eabi/lib/armv7-m/libc.a(lib_a-__atexit.o)
 .bss           0x00000000        0x0 /home/sunbeam/ARM/Toolchain/gcc-arm-none-eabi-5_4-2016q2/arm-none-eabi/lib/armv7-m/libc.a(lib_a-__atexit.o)
 .text          0x00000000       0x30 /home/sunbeam/ARM/Toolchain/gcc-arm-none-eabi-5_4-2016q2/bin/../lib/gcc/arm-none-eabi/5.4.1/armv7-m/libgcc.a(_aeabi_uldivmod.o)
 .data          0x00000000        0x0 /home/sunbeam/ARM/Toolchain/gcc-arm-none-eabi-5_4-2016q2/bin/../lib/gcc/arm-none-eabi/5.4.1/armv7-m/libgcc.a(_aeabi_uldivmod.o)
 .bss           0x00000000        0x0 /home/sunbeam/ARM/Toolchain/gcc-arm-none-eabi-5_4-2016q2/bin/../lib/gcc/arm-none-eabi/5.4.1/armv7-m/libgcc.a(_aeabi_uldivmod.o)
 .debug_frame   0x00000000       0x2c /home/sunbeam/ARM/Toolchain/gcc-arm-none-eabi-5_4-2016q2/bin/../lib/gcc/arm-none-eabi/5.4.1/armv7-m/libgcc.a(_aeabi_uldivmod.o)
 .ARM.attributes
                0x00000000       0x1d /home/sunbeam/ARM/Toolchain/gcc-arm-none-eabi-5_4-2016q2/bin/../lib/gcc/arm-none-eabi/5.4.1/armv7-m/libgcc.a(_aeabi_uldivmod.o)
 .text          0x00000000      0x2ec /home/sunbeam/ARM/Toolchain/gcc-arm-none-eabi-5_4-2016q2/bin/../lib/gcc/arm-none-eabi/5.4.1/armv7-m/libgcc.a(_udivmoddi4.o)
 .data          0x00000000        0x0 /home/sunbeam/ARM/Toolchain/gcc-arm-none-eabi-5_4-2016q2/bin/../lib/gcc/arm-none-eabi/5.4.1/armv7-m/libgcc.a(_udivmoddi4.o)
 .bss           0x00000000        0x0 /home/sunbeam/ARM/Toolchain/gcc-arm-none-eabi-5_4-2016q2/bin/../lib/gcc/arm-none-eabi/5.4.1/armv7-m/libgcc.a(_udivmoddi4.o)
 .ARM.extab     0x00000000        0x0 /home/sunbeam/ARM/Toolchain/gcc-arm-none-eabi-5_4-2016q2/bin/../lib/gcc/arm-none-eabi/5.4.1/armv7-m/libgcc.a(_udivmoddi4.o)
 .ARM.exidx     0x00000000        0x8 /home/sunbeam/ARM/Toolchain/gcc-arm-none-eabi-5_4-2016q2/bin/../lib/gcc/arm-none-eabi/5.4.1/armv7-m/libgcc.a(_udivmoddi4.o)
 .debug_frame   0x00000000       0x38 /home/sunbeam/ARM/Toolchain/gcc-arm-none-eabi-5_4-2016q2/bin/../lib/gcc/arm-none-eabi/5.4.1/armv7-m/libgcc.a(_udivmoddi4.o)
 .ARM.attributes
                0x00000000       0x2d /home/sunbeam/ARM/Toolchain/gcc-arm-none-eabi-5_4-2016q2/bin/../lib/gcc/arm-none-eabi/5.4.1/armv7-m/libgcc.a(_udivmoddi4.o)
 .text          0x00000000        0x4 /home/sunbeam/ARM/Toolchain/gcc-arm-none-eabi-5_4-2016q2/bin/../lib/gcc/arm-none-eabi/5.4.1/armv7-m/libgcc.a(_dvmd_tls.o)
 .data          0x00000000        0x0 /home/sunbeam/ARM/Toolchain/gcc-arm-none-eabi-5_4-2016q2/bin/../lib/gcc/arm-none-eabi/5.4.1/armv7-m/libgcc.a(_dvmd_tls.o)
 .bss           0x00000000        0x0 /home/sunbeam/ARM/Toolchain/gcc-arm-none-eabi-5_4-2016q2/bin/../lib/gcc/arm-none-eabi/5.4.1/armv7-m/libgcc.a(_dvmd_tls.o)
 .ARM.attributes
                0x00000000       0x1d /home/sunbeam/ARM/Toolchain/gcc-arm-none-eabi-5_4-2016q2/bin/../lib/gcc/arm-none-eabi/5.4.1/armv7-m/libgcc.a(_dvmd_tls.o)
 .text          0x00000000        0x0 /home/sunbeam/ARM/Toolchain/gcc-arm-none-eabi-5_4-2016q2/bin/../lib/gcc/arm-none-eabi/5.4.1/armv7-m/crtend.o
 .data          0x00000000        0x0 /home/sunbeam/ARM/Toolchain/gcc-arm-none-eabi-5_4-2016q2/bin/../lib/gcc/arm-none-eabi/5.4.1/armv7-m/crtend.o
 .bss           0x00000000        0x0 /home/sunbeam/ARM/Toolchain/gcc-arm-none-eabi-5_4-2016q2/bin/../lib/gcc/arm-none-eabi/5.4.1/armv7-m/crtend.o
 .jcr           0x00000000        0x4 /home/sunbeam/ARM/Toolchain/gcc-arm-none-eabi-5_4-2016q2/bin/../lib/gcc/arm-none-eabi/5.4.1/armv7-m/crtend.o
 .text          0x00000000        0x0 /home/sunbeam/ARM/Toolchain/gcc-arm-none-eabi-5_4-2016q2/bin/../lib/gcc/arm-none-eabi/5.4.1/armv7-m/crtn.o
 .data          0x00000000        0x0 /home/sunbeam/ARM/Toolchain/gcc-arm-none-eabi-5_4-2016q2/bin/../lib/gcc/arm-none-eabi/5.4.1/armv7-m/crtn.o
 .bss           0x00000000        0x0 /home/sunbeam/ARM/Toolchain/gcc-arm-none-eabi-5_4-2016q2/bin/../lib/gcc/arm-none-eabi/5.4.1/armv7-m/crtn.o

Memory Configuration

Name             Origin             Length             Attributes
FLASH            0x00002000         0x0007e000         xr
RAM              0x100000c8         0x00007f38         xrw
USB_RAM          0x2007c000         0x00004000         xrw
ETH_RAM          0x20080000         0x00004000         xrw
*default*        0x00000000         0xffffffff

Linker script and memory map

LOAD /home/sunbeam/ARM/Toolchain/gcc-arm-none-eabi-5_4-2016q2/bin/../lib/gcc/arm-none-eabi/5.4.1/armv7-m/crti.o
LOAD /home/sunbeam/ARM/Toolchain/gcc-arm-none-eabi-5_4-2016q2/bin/../lib/gcc/arm-none-eabi/5.4.1/armv7-m/crtbegin.o
LOAD /home/sunbeam/ARM/Toolchain/gcc-arm-none-eabi-5_4-2016q2/bin/../lib/gcc/arm-none-eabi/5.4.1/../../../../arm-none-eabi/lib/armv7-m/crt0.o
LOAD main.o
LOAD startup_LPC17xx.o
LOAD system_LPC17xx.o
LOAD lcd.o
LOAD uart.o
LOAD /home/sunbeam/ARM/Toolchain/gcc-arm-none-eabi-5_4-2016q2/arm-none-eabi/lib/armv7-m/libstdc++.a
LOAD /home/sunbeam/ARM/Toolchain/gcc-arm-none-eabi-5_4-2016q2/arm-none-eabi/lib/armv7-m/libsupc++.a
LOAD /home/sunbeam/ARM/Toolchain/gcc-arm-none-eabi-5_4-2016q2/arm-none-eabi/lib/armv7-m/libm.a
LOAD /home/sunbeam/ARM/Toolchain/gcc-arm-none-eabi-5_4-2016q2/arm-none-eabi/lib/armv7-m/libc.a
LOAD /home/sunbeam/ARM/Toolchain/gcc-arm-none-eabi-5_4-2016q2/arm-none-eabi/lib/armv7-m/libg.a
LOAD /home/sunbeam/ARM/Toolchain/gcc-arm-none-eabi-5_4-2016q2/arm-none-eabi/lib/armv7-m/libnosys.a
LOAD /home/sunbeam/ARM/Toolchain/gcc-arm-none-eabi-5_4-2016q2/arm-none-eabi/lib/armv7-m/libstdc++.a
LOAD /home/sunbeam/ARM/Toolchain/gcc-arm-none-eabi-5_4-2016q2/arm-none-eabi/lib/armv7-m/libsupc++.a
LOAD /home/sunbeam/ARM/Toolchain/gcc-arm-none-eabi-5_4-2016q2/arm-none-eabi/lib/armv7-m/libm.a
LOAD /home/sunbeam/ARM/Toolchain/gcc-arm-none-eabi-5_4-2016q2/arm-none-eabi/lib/armv7-m/libc.a
LOAD /home/sunbeam/ARM/Toolchain/gcc-arm-none-eabi-5_4-2016q2/arm-none-eabi/lib/armv7-m/libg.a
LOAD /home/sunbeam/ARM/Toolchain/gcc-arm-none-eabi-5_4-2016q2/arm-none-eabi/lib/armv7-m/libnosys.a
START GROUP
LOAD /home/sunbeam/ARM/Toolchain/gcc-arm-none-eabi-5_4-2016q2/bin/../lib/gcc/arm-none-eabi/5.4.1/armv7-m/libgcc.a
LOAD /home/sunbeam/ARM/Toolchain/gcc-arm-none-eabi-5_4-2016q2/arm-none-eabi/lib/armv7-m/libc.a
END GROUP
LOAD /home/sunbeam/ARM/Toolchain/gcc-arm-none-eabi-5_4-2016q2/bin/../lib/gcc/arm-none-eabi/5.4.1/armv7-m/crtend.o
LOAD /home/sunbeam/ARM/Toolchain/gcc-arm-none-eabi-5_4-2016q2/bin/../lib/gcc/arm-none-eabi/5.4.1/armv7-m/crtn.o

.text           0x00002000      0x840
 *(.isr_vector)
 .isr_vector    0x00002000       0xc4 startup_LPC17xx.o
                0x00002000                g_pfnVectors
 *(.text*)
 .text          0x000020c4       0x5c /home/sunbeam/ARM/Toolchain/gcc-arm-none-eabi-5_4-2016q2/bin/../lib/gcc/arm-none-eabi/5.4.1/armv7-m/crtbegin.o
 .text.main     0x00002120       0x4c main.o
                0x00002120                main
 .text.Reset_Handler
                0x0000216c       0x70 startup_LPC17xx.o
                0x0000216c                Reset_Handler
 .text.Default_Handler
                0x000021dc        0x8 startup_LPC17xx.o
                0x000021dc                TIMER2_IRQHandler
                0x000021dc                DebugMon_Handler
                0x000021dc                RIT_IRQHandler
                0x000021dc                I2C0_IRQHandler
                0x000021dc                SysTick_Handler
                0x000021dc                PWM1_IRQHandler
                0x000021dc                PendSV_Handler
                0x000021dc                I2C1_IRQHandler
                0x000021dc                EINT2_IRQHandler
                0x000021dc                UART1_IRQHandler
                0x000021dc                EINT3_IRQHandler
                0x000021dc                TIMER3_IRQHandler
                0x000021dc                UART0_IRQHandler
                0x000021dc                UsageFault_Handler
                0x000021dc                PLL0_IRQHandler
                0x000021dc                CAN_IRQHandler
                0x000021dc                PLL1_IRQHandler
                0x000021dc                SSP0_IRQHandler
                0x000021dc                I2S_IRQHandler
                0x000021dc                I2C2_IRQHandler
                0x000021dc                RTC_IRQHandler
                0x000021dc                TIMER0_IRQHandler
                0x000021dc                SPI_IRQHandler
                0x000021dc                EINT1_IRQHandler
                0x000021dc                TIMER1_IRQHandler
                0x000021dc                UART2_IRQHandler
                0x000021dc                Default_Handler
                0x000021dc                ADC_IRQHandler
                0x000021dc                SSP1_IRQHandler
                0x000021dc                USB_IRQHandler
                0x000021dc                BOD_IRQHandler
                0x000021dc                MemManage_Handler
                0x000021dc                WDT_IRQHandler
                0x000021dc                SVC_Handler
                0x000021dc                QEI_IRQHandler
                0x000021dc                EINT0_IRQHandler
                0x000021dc                DMA_IRQHandler
                0x000021dc                BusFault_Handler
                0x000021dc                MCPWM_IRQHandler
                0x000021dc                ENET_IRQHandler
 .text.SystemInit
                0x000021e4      0x13c system_LPC17xx.o
                0x000021e4                SystemInit
 .text.sw_delay
                0x00002320       0x40 system_LPC17xx.o
                0x00002320                sw_delay
 .text.LCDInit  0x00002360       0x58 lcd.o
                0x00002360                LCDInit
 .text.busy     0x000023b8       0x58 lcd.o
                0x000023b8                busy
 .text.SendData
                0x00002410       0x48 lcd.o
                0x00002410                SendData
 .text.sendnibble
                0x00002458       0x74 lcd.o
                0x00002458                sendnibble
 .text.enterdata
                0x000024cc       0x48 lcd.o
                0x000024cc                enterdata
 .text.NVIC_EnableIRQ
                0x00002514       0x30 uart.o
 .text.uart_init
                0x00002544       0x80 uart.o
                0x00002544                uart_init
 .text.uart_getch
                0x000025c4       0x28 uart.o
                0x000025c4                uart_getch
 .text.uart_puts
                0x000025ec       0x54 uart.o
                0x000025ec                uart_puts
 .text.uart_gets
                0x00002640       0x4c uart.o
                0x00002640                uart_gets
 .text.UART3_IRQHandler
                0x0000268c       0x70 uart.o
                0x0000268c                UART3_IRQHandler
 .text.startup.register_fini
                0x000026fc       0x14 /home/sunbeam/ARM/Toolchain/gcc-arm-none-eabi-5_4-2016q2/arm-none-eabi/lib/armv7-m/libc.a(lib_a-__call_atexit.o)
 .text.atexit   0x00002710        0xc /home/sunbeam/ARM/Toolchain/gcc-arm-none-eabi-5_4-2016q2/arm-none-eabi/lib/armv7-m/libc.a(lib_a-atexit.o)
                0x00002710                atexit
 .text.__libc_fini_array
                0x0000271c       0x28 /home/sunbeam/ARM/Toolchain/gcc-arm-none-eabi-5_4-2016q2/arm-none-eabi/lib/armv7-m/libc.a(lib_a-fini.o)
                0x0000271c                __libc_fini_array
 .text.__register_exitproc
                0x00002744       0xa4 /home/sunbeam/ARM/Toolchain/gcc-arm-none-eabi-5_4-2016q2/arm-none-eabi/lib/armv7-m/libc.a(lib_a-__atexit.o)
                0x00002744                __register_exitproc
 *(.init)
 .init          0x000027e8        0x4 /home/sunbeam/ARM/Toolchain/gcc-arm-none-eabi-5_4-2016q2/bin/../lib/gcc/arm-none-eabi/5.4.1/armv7-m/crti.o
                0x000027e8                _init
 .init          0x000027ec        0x8 /home/sunbeam/ARM/Toolchain/gcc-arm-none-eabi-5_4-2016q2/bin/../lib/gcc/arm-none-eabi/5.4.1/armv7-m/crtn.o
 *(.fini)
 .fini          0x000027f4        0x4 /home/sunbeam/ARM/Toolchain/gcc-arm-none-eabi-5_4-2016q2/bin/../lib/gcc/arm-none-eabi/5.4.1/armv7-m/crti.o
                0x000027f4                _fini
 .fini          0x000027f8        0x8 /home/sunbeam/ARM/Toolchain/gcc-arm-none-eabi-5_4-2016q2/bin/../lib/gcc/arm-none-eabi/5.4.1/armv7-m/crtn.o
 *crtbegin.o(.ctors)
 *crtbegin?.o(.ctors)
 *(EXCLUDE_FILE(*crtend.o *crtend?.o) .ctors)
 *(SORT(.ctors.*))
 *(.ctors)
 *crtbegin.o(.dtors)
 *crtbegin?.o(.dtors)
 *(EXCLUDE_FILE(*crtend.o *crtend?.o) .dtors)
 *(SORT(.dtors.*))
 *(.dtors)
 *(.rodata*)
 .rodata        0x00002800       0x2e main.o
 *fill*         0x0000282e        0x2 
 .rodata        0x00002830        0x1 uart.o
 *fill*         0x00002831        0x3 
 .rodata.str1.4
                0x00002834        0x4 /home/sunbeam/ARM/Toolchain/gcc-arm-none-eabi-5_4-2016q2/arm-none-eabi/lib/armv7-m/libc.a(lib_a-impure.o)
                                  0x2 (size before relaxing)
 .rodata._global_impure_ptr
                0x00002838        0x4 /home/sunbeam/ARM/Toolchain/gcc-arm-none-eabi-5_4-2016q2/arm-none-eabi/lib/armv7-m/libc.a(lib_a-impure.o)
                0x00002838                _global_impure_ptr
 *(.eh_frame*)
 .eh_frame      0x0000283c        0x0 /home/sunbeam/ARM/Toolchain/gcc-arm-none-eabi-5_4-2016q2/bin/../lib/gcc/arm-none-eabi/5.4.1/armv7-m/crtbegin.o
 .eh_frame      0x0000283c        0x4 /home/sunbeam/ARM/Toolchain/gcc-arm-none-eabi-5_4-2016q2/bin/../lib/gcc/arm-none-eabi/5.4.1/armv7-m/crtend.o

.glue_7         0x00002840        0x0
 .glue_7        0x00002840        0x0 linker stubs

.glue_7t        0x00002840        0x0
 .glue_7t       0x00002840        0x0 linker stubs

.vfp11_veneer   0x00002840        0x0
 .vfp11_veneer  0x00002840        0x0 linker stubs

.v4_bx          0x00002840        0x0
 .v4_bx         0x00002840        0x0 linker stubs

.iplt           0x00002840        0x0
 .iplt          0x00002840        0x0 /home/sunbeam/ARM/Toolchain/gcc-arm-none-eabi-5_4-2016q2/bin/../lib/gcc/arm-none-eabi/5.4.1/armv7-m/crtbegin.o

.rel.dyn        0x00002840        0x0
 .rel.iplt      0x00002840        0x0 /home/sunbeam/ARM/Toolchain/gcc-arm-none-eabi-5_4-2016q2/bin/../lib/gcc/arm-none-eabi/5.4.1/armv7-m/crtbegin.o

.ARM.extab
 *(.ARM.extab* .gnu.linkonce.armextab.*)
                0x00002840                __exidx_start = .

.ARM.exidx
 *(.ARM.exidx* .gnu.linkonce.armexidx.*)
                0x00002840                __exidx_end = .
                0x00002840                __etext = .
                0x00002840                __sidata = __etext

.data           0x100000c8      0x444 load address 0x00002840
                0x100000c8                __data_start__ = .
 *(vtable)
 *(.data*)
 .data.SystemCoreClock
                0x100000c8        0x4 system_LPC17xx.o
                0x100000c8                SystemCoreClock
 .data.tx_string
                0x100000cc        0x4 uart.o
 .data.tx_flag  0x100000d0        0x4 uart.o
 *fill*         0x100000d4        0x4 
 .data.impure_data
                0x100000d8      0x428 /home/sunbeam/ARM/Toolchain/gcc-arm-none-eabi-5_4-2016q2/arm-none-eabi/lib/armv7-m/libc.a(lib_a-impure.o)
                0x10000500                . = ALIGN (0x4)
                0x10000500                PROVIDE (__preinit_array_start, .)
 *(.preinit_array)
                0x10000500                PROVIDE (__preinit_array_end, .)
                0x10000500                . = ALIGN (0x4)
                0x10000500                PROVIDE (__init_array_start, .)
 *(SORT(.init_array.*))
 .init_array.00000
                0x10000500        0x4 /home/sunbeam/ARM/Toolchain/gcc-arm-none-eabi-5_4-2016q2/arm-none-eabi/lib/armv7-m/libc.a(lib_a-__call_atexit.o)
 *(.init_array)
 .init_array    0x10000504        0x4 /home/sunbeam/ARM/Toolchain/gcc-arm-none-eabi-5_4-2016q2/bin/../lib/gcc/arm-none-eabi/5.4.1/armv7-m/crtbegin.o
                0x10000508                PROVIDE (__init_array_end, .)
                0x10000508                . = ALIGN (0x4)
                0x10000508                PROVIDE (__fini_array_start, .)
 *(SORT(.fini_array.*))
 *(.fini_array)
 .fini_array    0x10000508        0x4 /home/sunbeam/ARM/Toolchain/gcc-arm-none-eabi-5_4-2016q2/bin/../lib/gcc/arm-none-eabi/5.4.1/armv7-m/crtbegin.o
                0x1000050c                PROVIDE (__fini_array_end, .)
                0x1000050c                . = ALIGN (0x4)
                0x1000050c                __data_end__ = .

.jcr            0x1000050c        0x0 load address 0x00002c84
 .jcr           0x1000050c        0x0 /home/sunbeam/ARM/Toolchain/gcc-arm-none-eabi-5_4-2016q2/bin/../lib/gcc/arm-none-eabi/5.4.1/armv7-m/crtbegin.o

.igot.plt       0x1000050c        0x0 load address 0x00002c84
 .igot.plt      0x1000050c        0x0 /home/sunbeam/ARM/Toolchain/gcc-arm-none-eabi-5_4-2016q2/bin/../lib/gcc/arm-none-eabi/5.4.1/armv7-m/crtbegin.o

.stackarea      0x1000050c      0x800 load address 0x00002c84
 .stackarea     0x1000050c      0x800 startup_LPC17xx.o
                0x1000050c                pulStack

.bss            0x10000d0c       0x20 load address 0x00003484
                0x10000d0c                __bss_start__ = .
 *(.bss*)
 .bss           0x10000d0c       0x1c /home/sunbeam/ARM/Toolchain/gcc-arm-none-eabi-5_4-2016q2/bin/../lib/gcc/arm-none-eabi/5.4.1/armv7-m/crtbegin.o
 .bss.tx_index  0x10000d28        0x4 uart.o
 *(COMMON)
                0x10000d2c                __bss_end__ = .

.heap           0x10000d2c        0x0
                0x10000d2c                __end__ = .
                0x10000d2c                end = __end__
 *(.heap*)
                0x10000d2c                __HeapLimit = .

.stack_dummy    0x10000d2c        0x0
 *(.stack)
                0x10008000                __StackTop = (ORIGIN (RAM) + LENGTH (RAM))
                0x10008000                __StackLimit = (__StackTop - SIZEOF (.stack_dummy))
                0x10008000                PROVIDE (__stack, __StackTop)
                0x00000001                ASSERT ((__StackLimit >= __HeapLimit), region RAM overflowed with stack)
OUTPUT(basic.elf elf32-littlearm)

.ARM.attributes
                0x00000000       0x29
 .ARM.attributes
                0x00000000       0x1d /home/sunbeam/ARM/Toolchain/gcc-arm-none-eabi-5_4-2016q2/bin/../lib/gcc/arm-none-eabi/5.4.1/armv7-m/crti.o
 .ARM.attributes
                0x0000001d       0x2d /home/sunbeam/ARM/Toolchain/gcc-arm-none-eabi-5_4-2016q2/bin/../lib/gcc/arm-none-eabi/5.4.1/armv7-m/crtbegin.o
 .ARM.attributes
                0x0000004a       0x33 main.o
 .ARM.attributes
                0x0000007d       0x33 startup_LPC17xx.o
 .ARM.attributes
                0x000000b0       0x33 system_LPC17xx.o
 .ARM.attributes
                0x000000e3       0x33 lcd.o
 .ARM.attributes
                0x00000116       0x33 uart.o
 .ARM.attributes
                0x00000149       0x2d /home/sunbeam/ARM/Toolchain/gcc-arm-none-eabi-5_4-2016q2/arm-none-eabi/lib/armv7-m/libc.a(lib_a-impure.o)
 .ARM.attributes
                0x00000176       0x2d /home/sunbeam/ARM/Toolchain/gcc-arm-none-eabi-5_4-2016q2/arm-none-eabi/lib/armv7-m/libc.a(lib_a-__call_atexit.o)
 .ARM.attributes
                0x000001a3       0x2d /home/sunbeam/ARM/Toolchain/gcc-arm-none-eabi-5_4-2016q2/arm-none-eabi/lib/armv7-m/libc.a(lib_a-atexit.o)
 .ARM.attributes
                0x000001d0       0x2d /home/sunbeam/ARM/Toolchain/gcc-arm-none-eabi-5_4-2016q2/arm-none-eabi/lib/armv7-m/libc.a(lib_a-fini.o)
 .ARM.attributes
                0x000001fd       0x2d /home/sunbeam/ARM/Toolchain/gcc-arm-none-eabi-5_4-2016q2/arm-none-eabi/lib/armv7-m/libc.a(lib_a-__atexit.o)
 .ARM.attributes
                0x0000022a       0x2d /home/sunbeam/ARM/Toolchain/gcc-arm-none-eabi-5_4-2016q2/bin/../lib/gcc/arm-none-eabi/5.4.1/armv7-m/crtend.o
 .ARM.attributes
                0x00000257       0x1d /home/sunbeam/ARM/Toolchain/gcc-arm-none-eabi-5_4-2016q2/bin/../lib/gcc/arm-none-eabi/5.4.1/armv7-m/crtn.o

.comment        0x00000000       0x6e
 .comment       0x00000000       0x6e main.o
                                 0x6f (size before relaxing)
 .comment       0x0000006e       0x6f startup_LPC17xx.o
 .comment       0x0000006e       0x6f system_LPC17xx.o
 .comment       0x0000006e       0x6f lcd.o
 .comment       0x0000006e       0x6f uart.o

.debug_frame    0x00000000       0xd8
 .debug_frame   0x00000000       0x50 /home/sunbeam/ARM/Toolchain/gcc-arm-none-eabi-5_4-2016q2/arm-none-eabi/lib/armv7-m/libc.a(lib_a-__call_atexit.o)
 .debug_frame   0x00000050       0x20 /home/sunbeam/ARM/Toolchain/gcc-arm-none-eabi-5_4-2016q2/arm-none-eabi/lib/armv7-m/libc.a(lib_a-atexit.o)
 .debug_frame   0x00000070       0x34 /home/sunbeam/ARM/Toolchain/gcc-arm-none-eabi-5_4-2016q2/arm-none-eabi/lib/armv7-m/libc.a(lib_a-fini.o)
 .debug_frame   0x000000a4       0x34 /home/sunbeam/ARM/Toolchain/gcc-arm-none-eabi-5_4-2016q2/arm-none-eabi/lib/armv7-m/libc.a(lib_a-__atexit.o)
