Archive member included to satisfy reference by file (symbol)

/home/sunbeam/D_day/AVR/softwares/avr-gcc-8.2.0-x64-linux/bin/../lib/gcc/avr/8.2.0/avr5/libgcc.a(_exit.o)
                              /home/sunbeam/D_day/AVR/softwares/avr-gcc-8.2.0-x64-linux/bin/../lib/gcc/avr/8.2.0/../../../../avr/lib/avr5/crtatmega32.o (exit)
/home/sunbeam/D_day/AVR/softwares/avr-gcc-8.2.0-x64-linux/bin/../lib/gcc/avr/8.2.0/avr5/libgcc.a(_umulhisi3.o)
                              main.o (__umulhisi3)

Memory Configuration

Name             Origin             Length             Attributes
text             0x0000000000000000 0x0000000000020000 xr
data             0x0000000000800060 0x000000000000ffa0 rw !x
eeprom           0x0000000000810000 0x0000000000010000 rw !x
fuse             0x0000000000820000 0x0000000000000400 rw !x
lock             0x0000000000830000 0x0000000000000400 rw !x
signature        0x0000000000840000 0x0000000000000400 rw !x
user_signatures  0x0000000000850000 0x0000000000000400 rw !x
*default*        0x0000000000000000 0xffffffffffffffff

Linker script and memory map

LOAD /home/sunbeam/D_day/AVR/softwares/avr-gcc-8.2.0-x64-linux/bin/../lib/gcc/avr/8.2.0/../../../../avr/lib/avr5/crtatmega32.o
LOAD main.o
LOAD /home/sunbeam/D_day/AVR/softwares/avr-gcc-8.2.0-x64-linux/bin/../lib/gcc/avr/8.2.0/../../../../avr/lib/avr5/libm.a
START GROUP
LOAD /home/sunbeam/D_day/AVR/softwares/avr-gcc-8.2.0-x64-linux/bin/../lib/gcc/avr/8.2.0/avr5/libgcc.a
LOAD /home/sunbeam/D_day/AVR/softwares/avr-gcc-8.2.0-x64-linux/bin/../lib/gcc/avr/8.2.0/../../../../avr/lib/avr5/libm.a
LOAD /home/sunbeam/D_day/AVR/softwares/avr-gcc-8.2.0-x64-linux/bin/../lib/gcc/avr/8.2.0/../../../../avr/lib/avr5/libc.a
LOAD /home/sunbeam/D_day/AVR/softwares/avr-gcc-8.2.0-x64-linux/bin/../lib/gcc/avr/8.2.0/../../../../avr/lib/avr5/libatmega32.a
END GROUP
                0x0000000000020000                __TEXT_REGION_LENGTH__ = DEFINED (__TEXT_REGION_LENGTH__)?__TEXT_REGION_LENGTH__:0x20000
                0x000000000000ffa0                __DATA_REGION_LENGTH__ = DEFINED (__DATA_REGION_LENGTH__)?__DATA_REGION_LENGTH__:0xffa0
                0x0000000000010000                __EEPROM_REGION_LENGTH__ = DEFINED (__EEPROM_REGION_LENGTH__)?__EEPROM_REGION_LENGTH__:0x10000
                0x0000000000000400                __FUSE_REGION_LENGTH__ = DEFINED (__FUSE_REGION_LENGTH__)?__FUSE_REGION_LENGTH__:0x400
                0x0000000000000400                __LOCK_REGION_LENGTH__ = DEFINED (__LOCK_REGION_LENGTH__)?__LOCK_REGION_LENGTH__:0x400
                0x0000000000000400                __SIGNATURE_REGION_LENGTH__ = DEFINED (__SIGNATURE_REGION_LENGTH__)?__SIGNATURE_REGION_LENGTH__:0x400
                0x0000000000000400                __USER_SIGNATURE_REGION_LENGTH__ = DEFINED (__USER_SIGNATURE_REGION_LENGTH__)?__USER_SIGNATURE_REGION_LENGTH__:0x400

.hash
 *(.hash)

.dynsym
 *(.dynsym)

.dynstr
 *(.dynstr)

.gnu.version
 *(.gnu.version)

.gnu.version_d
 *(.gnu.version_d)

.gnu.version_r
 *(.gnu.version_r)

.rel.init
 *(.rel.init)

.rela.init
 *(.rela.init)

.rel.text
 *(.rel.text)
 *(.rel.text.*)
 *(.rel.gnu.linkonce.t*)

.rela.text
 *(.rela.text)
 *(.rela.text.*)
 *(.rela.gnu.linkonce.t*)

.rel.fini
 *(.rel.fini)

.rela.fini
 *(.rela.fini)

.rel.rodata
 *(.rel.rodata)
 *(.rel.rodata.*)
 *(.rel.gnu.linkonce.r*)

.rela.rodata
 *(.rela.rodata)
 *(.rela.rodata.*)
 *(.rela.gnu.linkonce.r*)

.rel.data
 *(.rel.data)
 *(.rel.data.*)
 *(.rel.gnu.linkonce.d*)

.rela.data
 *(.rela.data)
 *(.rela.data.*)
 *(.rela.gnu.linkonce.d*)

.rel.ctors
 *(.rel.ctors)

.rela.ctors
 *(.rela.ctors)

.rel.dtors
 *(.rel.dtors)

.rela.dtors
 *(.rela.dtors)

.rel.got
 *(.rel.got)

.rela.got
 *(.rela.got)

.rel.bss
 *(.rel.bss)

.rela.bss
 *(.rela.bss)

.rel.plt
 *(.rel.plt)

.rela.plt
 *(.rela.plt)

.text           0x0000000000000000       0xd4
 *(.vectors)
 .vectors       0x0000000000000000       0x54 /home/sunbeam/D_day/AVR/softwares/avr-gcc-8.2.0-x64-linux/bin/../lib/gcc/avr/8.2.0/../../../../avr/lib/avr5/crtatmega32.o
                0x0000000000000000                __vectors
                0x0000000000000000                __vector_default
 *(.vectors)
 *(.progmem.gcc*)
                0x0000000000000054                . = ALIGN (0x2)
                0x0000000000000054                __trampolines_start = .
 *(.trampolines)
 .trampolines   0x0000000000000054        0x0 linker stubs
 *(.trampolines*)
                0x0000000000000054                __trampolines_end = .
 *libprintf_flt.a:*(.progmem.data)
 *libc.a:*(.progmem.data)
 *(.progmem.*)
                0x0000000000000054                . = ALIGN (0x2)
 *(.lowtext)
 *(.lowtext*)
                0x0000000000000054                __ctors_start = .
 *(.ctors)
                0x0000000000000054                __ctors_end = .
                0x0000000000000054                __dtors_start = .
 *(.dtors)
                0x0000000000000054                __dtors_end = .
 SORT_BY_NAME(*)(.ctors)
 SORT_BY_NAME(*)(.dtors)
 *(.init0)
 .init0         0x0000000000000054        0x0 /home/sunbeam/D_day/AVR/softwares/avr-gcc-8.2.0-x64-linux/bin/../lib/gcc/avr/8.2.0/../../../../avr/lib/avr5/crtatmega32.o
                0x0000000000000054                __init
 *(.init0)
 *(.init1)
 *(.init1)
 *(.init2)
 .init2         0x0000000000000054        0xc /home/sunbeam/D_day/AVR/softwares/avr-gcc-8.2.0-x64-linux/bin/../lib/gcc/avr/8.2.0/../../../../avr/lib/avr5/crtatmega32.o
 *(.init2)
 *(.init3)
 *(.init3)
 *(.init4)
 *(.init4)
 *(.init5)
 *(.init5)
 *(.init6)
 *(.init6)
 *(.init7)
 *(.init7)
 *(.init8)
 *(.init8)
 *(.init9)
 .init9         0x0000000000000060        0x8 /home/sunbeam/D_day/AVR/softwares/avr-gcc-8.2.0-x64-linux/bin/../lib/gcc/avr/8.2.0/../../../../avr/lib/avr5/crtatmega32.o
 *(.init9)
 *(.text)
 .text          0x0000000000000068        0x4 /home/sunbeam/D_day/AVR/softwares/avr-gcc-8.2.0-x64-linux/bin/../lib/gcc/avr/8.2.0/../../../../avr/lib/avr5/crtatmega32.o
                0x0000000000000068                __vector_1
                0x0000000000000068                __vector_12
                0x0000000000000068                __bad_interrupt
                0x0000000000000068                __vector_6
                0x0000000000000068                __vector_3
                0x0000000000000068                __vector_11
                0x0000000000000068                __vector_13
                0x0000000000000068                __vector_17
                0x0000000000000068                __vector_19
                0x0000000000000068                __vector_7
                0x0000000000000068                __vector_5
                0x0000000000000068                __vector_4
                0x0000000000000068                __vector_9
                0x0000000000000068                __vector_2
                0x0000000000000068                __vector_15
                0x0000000000000068                __vector_8
                0x0000000000000068                __vector_14
                0x0000000000000068                __vector_10
                0x0000000000000068                __vector_16
                0x0000000000000068                __vector_18
                0x0000000000000068                __vector_20
 .text          0x000000000000006c       0x32 main.o
                0x000000000000006c                timerDealyMS
 .text          0x000000000000009e        0x0 /home/sunbeam/D_day/AVR/softwares/avr-gcc-8.2.0-x64-linux/bin/../lib/gcc/avr/8.2.0/avr5/libgcc.a(_exit.o)
 .text          0x000000000000009e        0x0 /home/sunbeam/D_day/AVR/softwares/avr-gcc-8.2.0-x64-linux/bin/../lib/gcc/avr/8.2.0/avr5/libgcc.a(_umulhisi3.o)
                0x000000000000009e                . = ALIGN (0x2)
 *(.text.*)
 .text.startup  0x000000000000009e       0x14 main.o
                0x000000000000009e                main
 .text.libgcc.mul
                0x00000000000000b2        0x0 /home/sunbeam/D_day/AVR/softwares/avr-gcc-8.2.0-x64-linux/bin/../lib/gcc/avr/8.2.0/avr5/libgcc.a(_exit.o)
 .text.libgcc.div
                0x00000000000000b2        0x0 /home/sunbeam/D_day/AVR/softwares/avr-gcc-8.2.0-x64-linux/bin/../lib/gcc/avr/8.2.0/avr5/libgcc.a(_exit.o)
 .text.libgcc   0x00000000000000b2        0x0 /home/sunbeam/D_day/AVR/softwares/avr-gcc-8.2.0-x64-linux/bin/../lib/gcc/avr/8.2.0/avr5/libgcc.a(_exit.o)
 .text.libgcc.prologue
                0x00000000000000b2        0x0 /home/sunbeam/D_day/AVR/softwares/avr-gcc-8.2.0-x64-linux/bin/../lib/gcc/avr/8.2.0/avr5/libgcc.a(_exit.o)
 .text.libgcc.builtins
                0x00000000000000b2        0x0 /home/sunbeam/D_day/AVR/softwares/avr-gcc-8.2.0-x64-linux/bin/../lib/gcc/avr/8.2.0/avr5/libgcc.a(_exit.o)
 .text.libgcc.fmul
                0x00000000000000b2        0x0 /home/sunbeam/D_day/AVR/softwares/avr-gcc-8.2.0-x64-linux/bin/../lib/gcc/avr/8.2.0/avr5/libgcc.a(_exit.o)
 .text.libgcc.fixed
                0x00000000000000b2        0x0 /home/sunbeam/D_day/AVR/softwares/avr-gcc-8.2.0-x64-linux/bin/../lib/gcc/avr/8.2.0/avr5/libgcc.a(_exit.o)
 .text.libgcc.mul
                0x00000000000000b2       0x1e /home/sunbeam/D_day/AVR/softwares/avr-gcc-8.2.0-x64-linux/bin/../lib/gcc/avr/8.2.0/avr5/libgcc.a(_umulhisi3.o)
                0x00000000000000b2                __umulhisi3
 .text.libgcc.div
                0x00000000000000d0        0x0 /home/sunbeam/D_day/AVR/softwares/avr-gcc-8.2.0-x64-linux/bin/../lib/gcc/avr/8.2.0/avr5/libgcc.a(_umulhisi3.o)
 .text.libgcc   0x00000000000000d0        0x0 /home/sunbeam/D_day/AVR/softwares/avr-gcc-8.2.0-x64-linux/bin/../lib/gcc/avr/8.2.0/avr5/libgcc.a(_umulhisi3.o)
 .text.libgcc.prologue
                0x00000000000000d0        0x0 /home/sunbeam/D_day/AVR/softwares/avr-gcc-8.2.0-x64-linux/bin/../lib/gcc/avr/8.2.0/avr5/libgcc.a(_umulhisi3.o)
 .text.libgcc.builtins
                0x00000000000000d0        0x0 /home/sunbeam/D_day/AVR/softwares/avr-gcc-8.2.0-x64-linux/bin/../lib/gcc/avr/8.2.0/avr5/libgcc.a(_umulhisi3.o)
 .text.libgcc.fmul
                0x00000000000000d0        0x0 /home/sunbeam/D_day/AVR/softwares/avr-gcc-8.2.0-x64-linux/bin/../lib/gcc/avr/8.2.0/avr5/libgcc.a(_umulhisi3.o)
 .text.libgcc.fixed
                0x00000000000000d0        0x0 /home/sunbeam/D_day/AVR/softwares/avr-gcc-8.2.0-x64-linux/bin/../lib/gcc/avr/8.2.0/avr5/libgcc.a(_umulhisi3.o)
                0x00000000000000d0                . = ALIGN (0x2)
 *(.fini9)
 .fini9         0x00000000000000d0        0x0 /home/sunbeam/D_day/AVR/softwares/avr-gcc-8.2.0-x64-linux/bin/../lib/gcc/avr/8.2.0/avr5/libgcc.a(_exit.o)
                0x00000000000000d0                exit
                0x00000000000000d0                _exit
 *(.fini9)
 *(.fini8)
 *(.fini8)
 *(.fini7)
 *(.fini7)
 *(.fini6)
 *(.fini6)
 *(.fini5)
 *(.fini5)
 *(.fini4)
 *(.fini4)
 *(.fini3)
 *(.fini3)
 *(.fini2)
 *(.fini2)
 *(.fini1)
 *(.fini1)
 *(.fini0)
 .fini0         0x00000000000000d0        0x4 /home/sunbeam/D_day/AVR/softwares/avr-gcc-8.2.0-x64-linux/bin/../lib/gcc/avr/8.2.0/avr5/libgcc.a(_exit.o)
 *(.fini0)
 *(.hightext)
 *(.hightext*)
 *(.progmemx.*)
                0x00000000000000d4                . = ALIGN (0x2)
 *(.jumptables)
 *(.jumptables*)
                0x00000000000000d4                _etext = .

.data           0x0000000000800060        0x0 load address 0x00000000000000d4
                [!provide]                        PROVIDE (__data_start = .)
 *(.data)
 .data          0x0000000000800060        0x0 /home/sunbeam/D_day/AVR/softwares/avr-gcc-8.2.0-x64-linux/bin/../lib/gcc/avr/8.2.0/../../../../avr/lib/avr5/crtatmega32.o
 .data          0x0000000000800060        0x0 main.o
 .data          0x0000000000800060        0x0 /home/sunbeam/D_day/AVR/softwares/avr-gcc-8.2.0-x64-linux/bin/../lib/gcc/avr/8.2.0/avr5/libgcc.a(_exit.o)
 .data          0x0000000000800060        0x0 /home/sunbeam/D_day/AVR/softwares/avr-gcc-8.2.0-x64-linux/bin/../lib/gcc/avr/8.2.0/avr5/libgcc.a(_umulhisi3.o)
 *(.data*)
 *(.gnu.linkonce.d*)
 *(.rodata)
 *(.rodata*)
 *(.gnu.linkonce.r*)
                0x0000000000800060                . = ALIGN (0x2)
                0x0000000000800060                _edata = .
                [!provide]                        PROVIDE (__data_end = .)

.bss            0x0000000000800060        0x0
                [!provide]                        PROVIDE (__bss_start = .)
 *(.bss)
 .bss           0x0000000000800060        0x0 /home/sunbeam/D_day/AVR/softwares/avr-gcc-8.2.0-x64-linux/bin/../lib/gcc/avr/8.2.0/../../../../avr/lib/avr5/crtatmega32.o
 .bss           0x0000000000800060        0x0 main.o
 .bss           0x0000000000800060        0x0 /home/sunbeam/D_day/AVR/softwares/avr-gcc-8.2.0-x64-linux/bin/../lib/gcc/avr/8.2.0/avr5/libgcc.a(_exit.o)
 .bss           0x0000000000800060        0x0 /home/sunbeam/D_day/AVR/softwares/avr-gcc-8.2.0-x64-linux/bin/../lib/gcc/avr/8.2.0/avr5/libgcc.a(_umulhisi3.o)
 *(.bss*)
 *(COMMON)
                [!provide]                        PROVIDE (__bss_end = .)
                0x00000000000000d4                __data_load_start = LOADADDR (.data)
                0x00000000000000d4                __data_load_end = (__data_load_start + SIZEOF (.data))

.noinit         0x0000000000800060        0x0
                [!provide]                        PROVIDE (__noinit_start = .)
 *(.noinit*)
                [!provide]                        PROVIDE (__noinit_end = .)
                0x0000000000800060                _end = .
                [!provide]                        PROVIDE (__heap_start = .)

.eeprom         0x0000000000810000        0x0
 *(.eeprom*)
                0x0000000000810000                __eeprom_end = .

.fuse
 *(.fuse)
 *(.lfuse)
 *(.hfuse)
 *(.efuse)

.lock
 *(.lock*)

.signature
 *(.signature*)

.stab
 *(.stab)

.stabstr
 *(.stabstr)

.stab.excl
 *(.stab.excl)

.stab.exclstr
 *(.stab.exclstr)

.stab.index
 *(.stab.index)

.stab.indexstr
 *(.stab.indexstr)

.comment        0x0000000000000000       0x11
 *(.comment)
 .comment       0x0000000000000000       0x11 main.o
                                         0x12 (size before relaxing)

.note.gnu.avr.deviceinfo
                0x0000000000000000       0x3c
 .note.gnu.avr.deviceinfo
                0x0000000000000000       0x3c /home/sunbeam/D_day/AVR/softwares/avr-gcc-8.2.0-x64-linux/bin/../lib/gcc/avr/8.2.0/../../../../avr/lib/avr5/crtatmega32.o

.note.gnu.build-id
 *(.note.gnu.build-id)

.debug
 *(.debug)

.line
 *(.line)

.debug_srcinfo
 *(.debug_srcinfo)

.debug_sfnames
 *(.debug_sfnames)

.debug_aranges  0x0000000000000000       0x68
 *(.debug_aranges)
 .debug_aranges
                0x0000000000000000       0x28 main.o
 .debug_aranges
                0x0000000000000028       0x20 /home/sunbeam/D_day/AVR/softwares/avr-gcc-8.2.0-x64-linux/bin/../lib/gcc/avr/8.2.0/avr5/libgcc.a(_exit.o)
 .debug_aranges
                0x0000000000000048       0x20 /home/sunbeam/D_day/AVR/softwares/avr-gcc-8.2.0-x64-linux/bin/../lib/gcc/avr/8.2.0/avr5/libgcc.a(_umulhisi3.o)

.debug_pubnames
 *(.debug_pubnames)

.debug_info     0x0000000000000000      0x635
 *(.debug_info .gnu.linkonce.wi.*)
 .debug_info    0x0000000000000000      0x4e6 /home/sunbeam/D_day/AVR/softwares/avr-gcc-8.2.0-x64-linux/bin/../lib/gcc/avr/8.2.0/../../../../avr/lib/avr5/crtatmega32.o
 .debug_info    0x00000000000004e6      0x103 main.o
 .debug_info    0x00000000000005e9       0x26 /home/sunbeam/D_day/AVR/softwares/avr-gcc-8.2.0-x64-linux/bin/../lib/gcc/avr/8.2.0/avr5/libgcc.a(_exit.o)
 .debug_info    0x000000000000060f       0x26 /home/sunbeam/D_day/AVR/softwares/avr-gcc-8.2.0-x64-linux/bin/../lib/gcc/avr/8.2.0/avr5/libgcc.a(_umulhisi3.o)

.debug_abbrev   0x0000000000000000      0x591
 *(.debug_abbrev)
 .debug_abbrev  0x0000000000000000      0x4a3 /home/sunbeam/D_day/AVR/softwares/avr-gcc-8.2.0-x64-linux/bin/../lib/gcc/avr/8.2.0/../../../../avr/lib/avr5/crtatmega32.o
 .debug_abbrev  0x00000000000004a3       0xc6 main.o
 .debug_abbrev  0x0000000000000569       0x14 /home/sunbeam/D_day/AVR/softwares/avr-gcc-8.2.0-x64-linux/bin/../lib/gcc/avr/8.2.0/avr5/libgcc.a(_exit.o)
 .debug_abbrev  0x000000000000057d       0x14 /home/sunbeam/D_day/AVR/softwares/avr-gcc-8.2.0-x64-linux/bin/../lib/gcc/avr/8.2.0/avr5/libgcc.a(_umulhisi3.o)

.debug_line     0x0000000000000000      0x2d8
 *(.debug_line .debug_line.* .debug_line_end)
 .debug_line    0x0000000000000000       0x1d /home/sunbeam/D_day/AVR/softwares/avr-gcc-8.2.0-x64-linux/bin/../lib/gcc/avr/8.2.0/../../../../avr/lib/avr5/crtatmega32.o
 .debug_line    0x000000000000001d      0x1ab main.o
 .debug_line    0x00000000000001c8       0x61 /home/sunbeam/D_day/AVR/softwares/avr-gcc-8.2.0-x64-linux/bin/../lib/gcc/avr/8.2.0/avr5/libgcc.a(_exit.o)
 .debug_line    0x0000000000000229       0xaf /home/sunbeam/D_day/AVR/softwares/avr-gcc-8.2.0-x64-linux/bin/../lib/gcc/avr/8.2.0/avr5/libgcc.a(_umulhisi3.o)

.debug_frame    0x0000000000000000       0x34
 *(.debug_frame)
 .debug_frame   0x0000000000000000       0x34 main.o

.debug_str      0x0000000000000000      0x32e
 *(.debug_str)
 .debug_str     0x0000000000000000      0x196 /home/sunbeam/D_day/AVR/softwares/avr-gcc-8.2.0-x64-linux/bin/../lib/gcc/avr/8.2.0/../../../../avr/lib/avr5/crtatmega32.o
 .debug_str     0x0000000000000196      0x138 main.o
                                        0x16c (size before relaxing)
 .debug_str     0x00000000000002ce       0x60 /home/sunbeam/D_day/AVR/softwares/avr-gcc-8.2.0-x64-linux/bin/../lib/gcc/avr/8.2.0/avr5/libgcc.a(_exit.o)
 .debug_str     0x000000000000032e       0x60 /home/sunbeam/D_day/AVR/softwares/avr-gcc-8.2.0-x64-linux/bin/../lib/gcc/avr/8.2.0/avr5/libgcc.a(_umulhisi3.o)

.debug_loc      0x0000000000000000       0x89
 *(.debug_loc)
 .debug_loc     0x0000000000000000       0x89 main.o

.debug_macinfo
 *(.debug_macinfo)

.debug_weaknames
 *(.debug_weaknames)

.debug_funcnames
 *(.debug_funcnames)

.debug_typenames
 *(.debug_typenames)

.debug_varnames
 *(.debug_varnames)

.debug_pubtypes
 *(.debug_pubtypes)

.debug_ranges   0x0000000000000000       0x18
 *(.debug_ranges)
 .debug_ranges  0x0000000000000000       0x18 main.o

.debug_macro
 *(.debug_macro)

.debug_addr
 *(.debug_addr)
OUTPUT(main.elf elf32-avr)
LOAD linker stubs

Cross Reference Table

Symbol                                            File
__bad_interrupt                                   /home/sunbeam/D_day/AVR/softwares/avr-gcc-8.2.0-x64-linux/bin/../lib/gcc/avr/8.2.0/../../../../avr/lib/avr5/crtatmega32.o
__heap_end                                        /home/sunbeam/D_day/AVR/softwares/avr-gcc-8.2.0-x64-linux/bin/../lib/gcc/avr/8.2.0/../../../../avr/lib/avr5/crtatmega32.o
__init                                            /home/sunbeam/D_day/AVR/softwares/avr-gcc-8.2.0-x64-linux/bin/../lib/gcc/avr/8.2.0/../../../../avr/lib/avr5/crtatmega32.o
__stack                                           /home/sunbeam/D_day/AVR/softwares/avr-gcc-8.2.0-x64-linux/bin/../lib/gcc/avr/8.2.0/../../../../avr/lib/avr5/crtatmega32.o
__umulhisi3                                       /home/sunbeam/D_day/AVR/softwares/avr-gcc-8.2.0-x64-linux/bin/../lib/gcc/avr/8.2.0/avr5/libgcc.a(_umulhisi3.o)
                                                  main.o
__vector_1                                        /home/sunbeam/D_day/AVR/softwares/avr-gcc-8.2.0-x64-linux/bin/../lib/gcc/avr/8.2.0/../../../../avr/lib/avr5/crtatmega32.o
__vector_10                                       /home/sunbeam/D_day/AVR/softwares/avr-gcc-8.2.0-x64-linux/bin/../lib/gcc/avr/8.2.0/../../../../avr/lib/avr5/crtatmega32.o
__vector_11                                       /home/sunbeam/D_day/AVR/softwares/avr-gcc-8.2.0-x64-linux/bin/../lib/gcc/avr/8.2.0/../../../../avr/lib/avr5/crtatmega32.o
__vector_12                                       /home/sunbeam/D_day/AVR/softwares/avr-gcc-8.2.0-x64-linux/bin/../lib/gcc/avr/8.2.0/../../../../avr/lib/avr5/crtatmega32.o
__vector_13                                       /home/sunbeam/D_day/AVR/softwares/avr-gcc-8.2.0-x64-linux/bin/../lib/gcc/avr/8.2.0/../../../../avr/lib/avr5/crtatmega32.o
__vector_14                                       /home/sunbeam/D_day/AVR/softwares/avr-gcc-8.2.0-x64-linux/bin/../lib/gcc/avr/8.2.0/../../../../avr/lib/avr5/crtatmega32.o
__vector_15                                       /home/sunbeam/D_day/AVR/softwares/avr-gcc-8.2.0-x64-linux/bin/../lib/gcc/avr/8.2.0/../../../../avr/lib/avr5/crtatmega32.o
__vector_16                                       /home/sunbeam/D_day/AVR/softwares/avr-gcc-8.2.0-x64-linux/bin/../lib/gcc/avr/8.2.0/../../../../avr/lib/avr5/crtatmega32.o
__vector_17                                       /home/sunbeam/D_day/AVR/softwares/avr-gcc-8.2.0-x64-linux/bin/../lib/gcc/avr/8.2.0/../../../../avr/lib/avr5/crtatmega32.o
__vector_18                                       /home/sunbeam/D_day/AVR/softwares/avr-gcc-8.2.0-x64-linux/bin/../lib/gcc/avr/8.2.0/../../../../avr/lib/avr5/crtatmega32.o
__vector_19                                       /home/sunbeam/D_day/AVR/softwares/avr-gcc-8.2.0-x64-linux/bin/../lib/gcc/avr/8.2.0/../../../../avr/lib/avr5/crtatmega32.o
__vector_2                                        /home/sunbeam/D_day/AVR/softwares/avr-gcc-8.2.0-x64-linux/bin/../lib/gcc/avr/8.2.0/../../../../avr/lib/avr5/crtatmega32.o
__vector_20                                       /home/sunbeam/D_day/AVR/softwares/avr-gcc-8.2.0-x64-linux/bin/../lib/gcc/avr/8.2.0/../../../../avr/lib/avr5/crtatmega32.o
__vector_3                                        /home/sunbeam/D_day/AVR/softwares/avr-gcc-8.2.0-x64-linux/bin/../lib/gcc/avr/8.2.0/../../../../avr/lib/avr5/crtatmega32.o
__vector_4                                        /home/sunbeam/D_day/AVR/softwares/avr-gcc-8.2.0-x64-linux/bin/../lib/gcc/avr/8.2.0/../../../../avr/lib/avr5/crtatmega32.o
__vector_5                                        /home/sunbeam/D_day/AVR/softwares/avr-gcc-8.2.0-x64-linux/bin/../lib/gcc/avr/8.2.0/../../../../avr/lib/avr5/crtatmega32.o
__vector_6                                        /home/sunbeam/D_day/AVR/softwares/avr-gcc-8.2.0-x64-linux/bin/../lib/gcc/avr/8.2.0/../../../../avr/lib/avr5/crtatmega32.o
__vector_7                                        /home/sunbeam/D_day/AVR/softwares/avr-gcc-8.2.0-x64-linux/bin/../lib/gcc/avr/8.2.0/../../../../avr/lib/avr5/crtatmega32.o
__vector_8                                        /home/sunbeam/D_day/AVR/softwares/avr-gcc-8.2.0-x64-linux/bin/../lib/gcc/avr/8.2.0/../../../../avr/lib/avr5/crtatmega32.o
__vector_9                                        /home/sunbeam/D_day/AVR/softwares/avr-gcc-8.2.0-x64-linux/bin/../lib/gcc/avr/8.2.0/../../../../avr/lib/avr5/crtatmega32.o
__vector_default                                  /home/sunbeam/D_day/AVR/softwares/avr-gcc-8.2.0-x64-linux/bin/../lib/gcc/avr/8.2.0/../../../../avr/lib/avr5/crtatmega32.o
__vectors                                         /home/sunbeam/D_day/AVR/softwares/avr-gcc-8.2.0-x64-linux/bin/../lib/gcc/avr/8.2.0/../../../../avr/lib/avr5/crtatmega32.o
_exit                                             /home/sunbeam/D_day/AVR/softwares/avr-gcc-8.2.0-x64-linux/bin/../lib/gcc/avr/8.2.0/avr5/libgcc.a(_exit.o)
exit                                              /home/sunbeam/D_day/AVR/softwares/avr-gcc-8.2.0-x64-linux/bin/../lib/gcc/avr/8.2.0/avr5/libgcc.a(_exit.o)
                                                  /home/sunbeam/D_day/AVR/softwares/avr-gcc-8.2.0-x64-linux/bin/../lib/gcc/avr/8.2.0/../../../../avr/lib/avr5/crtatmega32.o
main                                              main.o
                                                  /home/sunbeam/D_day/AVR/softwares/avr-gcc-8.2.0-x64-linux/bin/../lib/gcc/avr/8.2.0/../../../../avr/lib/avr5/crtatmega32.o
timerDealyMS                                      main.o
